******************************************************************************
                  TI ARM Linker PC v20.2.1                     
******************************************************************************
>> Linked Sun Jan 24 04:50:44 2021

OUTPUT FILE NAME:   <tcp_client_v4.out>
ENTRY POINT SYMBOL: "_c_int00"  address: 00012315


MEMORY CONFIGURATION

         name            origin    length      used     unused   attr    fill
----------------------  --------  ---------  --------  --------  ----  --------
  FLASH                 00000000   00100000  0001a693  000e596d  R  X
  SRAM                  20000000   00040000  0001b5e6  00024a1a  RW X


SEGMENT ALLOCATION MAP

run origin  load origin   length   init length attrs members
----------  ----------- ---------- ----------- ----- -------
00000000    00000000    0001a6a0   0001a6a0    r-x
  00000000    00000000    0000003c   0000003c    r-- .resetVecs
  00000040    00000040    0001767a   0001767a    r-x .text
  000176bc    000176bc    00002a9d   00002a9d    r-- .const
  0001a160    0001a160    00000540   00000540    r-- .cinit
20000000    20000000    00000360   00000000    rw-
  20000000    20000000    00000360   00000000    rw- .vecs
20000380    20000380    0001b288   00000000    rw-
  20000380    20000380    00019f7a   00000000    rw- .bss
  2001a2fc    2001a2fc    00000b0c   00000000    rw- .data
  2001ae08    2001ae08    00000800   00000000    rw- .stack


SECTION ALLOCATION MAP

 output                                  attributes/
section   page    origin      length       input sections
--------  ----  ----------  ----------   ----------------
.text      0    00000040    0001767a     
                  00000040    00000c68     stk.aem4f : tcpin.oem4f (.text:TcpInput)
                  00000ca8    00000a4e     rtsv7M4_T_le_v4SPD16_eabi.lib : _printfi.c.obj (.text:__TI_printfi)
                  000016f6    00000002     hal_userled_stub.aem4f : llled.oem4f (.text:LED_TOGGLE)
                  000016f8    000008b8     stk.aem4f : tcpout.oem4f (.text:TcpOutput)
                  00001fb0    00000430     sysbios.aem4f : BIOS.obj (.text:ti_sysbios_family_arm_m3_Hwi_excDumpRegs__I)
                  000023e0    00000408     stk.aem4f : ipout.oem4f (.text:IPTxPacket)
                  000027e8    00000384               : ipin.oem4f (.text:IPRxPacket)
                  00002b6c    00000372     nettool_ipv4.aem4f : dnscomn.oem4f (.text:DNSResolveByName)
                  00002ede    00000002     stk.aem4f : nat.oem4f (.text:NatMsg)
                  00002ee0    0000034c     ti.targets.arm.rtsarm.aem4f : System.oem4f (.text:xdc_runtime_System_doPrint__I)
                  0000322c    00000338     httpget.obj (.text:BluetoothFxn)
                  00003564    00000324     httpget.obj (.text:httpTask)
                  00003888    000002fe     nettool_ipv4.aem4f : dnscomn.oem4f (.text:DNSResolveByAddr)
                  00003b86    00000002     os.aem4f : task.oem4f (.text:_TaskInit)
                  00003b88    000002f8     nettool_ipv4.aem4f : inetaddr.oem4f (.text:getaddrinfo)
                  00003e80    000002ec     httpget.obj (.text:serverSocketTask)
                  0000416c    000002da     nettool_ipv4.aem4f : dnscomn.oem4f (.text:DNSResolveByNS)
                  00004446    00000002     os.aem4f : task.oem4f (.text:_TaskShutdown)
                  00004448    000002a0     rtsv7M4_T_le_v4SPD16_eabi.lib : mktime.c.obj (.text:__mktime32)
                  000046e8    00000284     stk.aem4f : sock.oem4f (.text:SockSet)
                  0000496c    00000270     rtsv7M4_T_le_v4SPD16_eabi.lib : _printfi.c.obj (.text:_pconv_a)
                  00004bdc    0000024c     stk.aem4f : ipfrag.oem4f (.text:IPReasm)
                  00004e28    0000023c               : icmpin.oem4f (.text:ICMPInput)
                  00005064    00000238               : udp.oem4f (.text:UdpInput)
                  0000529c    0000020c     drivers_tivaware.aem4f : UARTTiva.oem4f (.text:UARTTiva_open)
                  000054a8    00000204     Boot.aem4f : Boot_sysctl.oem4f (.text:ti_catalog_arm_cortexm4_tiva_ce_Boot_sysCtlClockFreqSetI__I)
                  000056ac    000001f4     stk.aem4f : sock.oem4f (.text:SockRecv)
                  000058a0    000001f4     sysbios.aem4f : BIOS.obj (.text:ti_sysbios_family_arm_m3_Hwi_excHandlerMax__I)
                  00005a94    000001d0     rtsv7M4_T_le_v4SPD16_eabi.lib : _printfi.c.obj (.text:_pconv_g)
                  00005c64    000001b8     drivers_tivaware.aem4f : EMACSnow.oem4f (.text:EMACSnow_NIMUInit)
                  00005e1c    000001b6     rtsv7M4_T_le_v4SPD16_eabi.lib : fd_add_t2.asm.obj (.text)
                  00005fd2    00000002     hal_ser_stub.aem4f : llserstb.oem4f (.text:_llSerialServiceCheck)
                  00005fd4    000001b0     stk.aem4f : lliout.oem4f (.text:LLITxIpPacket)
                  00006184    000001ac               : lliin.oem4f (.text:LLIRxPacket)
                  00006330    0000019c     os.aem4f : mem.oem4f (.text:mmAlloc)
                  000064cc    0000019a     nettool_ipv4.aem4f : dnsclnt.oem4f (.text:DNSResolve)
                  00006666    00000002     hal_ser_stub.aem4f : llserstb.oem4f (.text:_llSerialShutdown)
                  00006668    00000198     stk.aem4f : igmp.oem4f (.text:IGMPInput)
                  00006800    00000198     nettool_ipv4.aem4f : ipaddr.oem4f (.text:NtGetPublicHost)
                  00006998    00000190     stk.aem4f : sock.oem4f (.text:SockNew)
                  00006b28    00000174     netctrl_min_ipv4.aem4f : netctrl.oem4f (.text:NC_NetStart)
                  00006c9c    00000004     stk.aem4f : bind.oem4f (.text:BindGetIF)
                  00006ca0    00000174     sysbios.aem4f : BIOS.obj (.text:ti_sysbios_family_arm_m3_Hwi_excBusFault__I)
                  00006e14    00000170     stk.aem4f : rtc.oem4f (.text:RTCReport)
                  00006f84    0000016c     nettool_ipv4.aem4f : dnscomn.oem4f (.text:DNSResolveExternal)
                  000070f0    0000016a     stk.aem4f : sb.oem4f (.text:SBRead)
                  0000725a    00000002     hal_userled_stub.aem4f : llled.oem4f (.text:_llUserLedInit)
                  0000725c    00000164     httpget.obj (.text:createTasks)
                  000073c0    00000164     sysbios.aem4f : BIOS.obj (.text:ti_sysbios_family_arm_m3_Hwi_excUsageFault__I)
                  00007524    00000160     stk.aem4f : sock.oem4f (.text:SockConnect)
                  00007684    0000015c     httpget.obj (.text:recvTimeFromNTP)
                  000077e0    00000158     nettool_ipv4.aem4f : dhcpmain.oem4f (.text:DHCPOpen)
                  00007938    00000150     drivers_tivaware.aem4f : GPIOTiva.oem4f (.text:GPIO_setConfig)
                  00007a88    00000148     sysbios.aem4f : BIOS.obj (.text:ti_sysbios_family_arm_m3_Hwi_excMemFault__I)
                  00007bd0    00000148                   : BIOS.obj (.text:ti_sysbios_knl_Task_Instance_finalize__E)
                  00007d18    00000144     stk.aem4f : bind.oem4f (.text:BindNew)
                  00007e5c    00000140               : tcp.oem4f (.text:TcpTimeoutCheck)
                  00007f9c    0000013c     nettool_ipv4.aem4f : config.oem4f (.text:CfgAddEntry)
                  000080d8    0000013c     stk.aem4f : sockint.oem4f (.text:SockNotify)
                  00008214    0000013c               : sock.oem4f (.text:SockSend)
                  00008350    0000013c     rtsv7M4_T_le_v4SPD16_eabi.lib : _printfi.c.obj (.text:_pconv_e)
                  0000848c    00000136     nettool_ipv4.aem4f : dnspkt.oem4f (.text:DNSGetReply)
                  000085c2    00000136     rtsv7M4_T_le_v4SPD16_eabi.lib : fd_div_t2.asm.obj (.text)
                  000086f8    00000134     stk.aem4f : icmp.oem4f (.text:ICMPGenPacket)
                  0000882c    00000134     rtsv7M4_T_le_v4SPD16_eabi.lib : localtim.c.obj (.text:__localtime32)
                  00008960    00000132     nettool_ipv4.aem4f : dnspkt.oem4f (.text:DNSReadRecord)
                  00008a92    00000002     hal_userled_stub.aem4f : llled.oem4f (.text:_llUserLedShutdown)
                  00008a94    00000131     httpget.obj (.text:sendData2Server)
                  00008bc5    00000001     --HOLE-- [fill = 0]
                  00008bc6    00000130     driverlib.lib : gpio.obj (.text:GPIOPadConfigSet)
                  00008cf6    00000002     rtsv7M4_T_le_v4SPD16_eabi.lib : _lock.c.obj (.text:_nop)
                  00008cf8    0000012c     EK_TM4C1294XL.obj (.text:EK_TM4C1294XL_initEMAC)
                  00008e24    00000128     http_ndk.aem4f : httpcli.oem4f (.text:contentHandler)
                  00008f4c    00000004     stk.aem4f : bind.oem4f (.text:BindGetNext)
                  00008f50    00000128     sysbios.aem4f : BIOS.obj (.text:ti_sysbios_knl_Semaphore_pend__E)
                  00009078    00000124     stk.aem4f : sockpcb.oem4f (.text:SockPcbResolve)
                  0000919c    00000124               : udp.oem4f (.text:UdpOutput)
                  000092c0    00000124     rtsv7M4_T_le_v4SPD16_eabi.lib : _printfi.c.obj (.text:fcvt)
                  000093e4    00000120     httpget_pem4f.oem4f (.text:ti_ndk_config_Global_stackThread)
                  00009504    00000118     http_ndk.aem4f : httpcli.oem4f (.text:HTTPCli_connect)
                  0000961c    00000118     stk.aem4f : tcpout.oem4f (.text:TcpGenPacket)
                  00009734    00000118     ti.targets.arm.rtsarm.aem4f : Error.oem4f (.text:xdc_runtime_Error_policyDefault__E)
                  0000984c    00000114     stk.aem4f : nimu.oem4f (.text:NIMUIoctl)
                  00009960    00000110               : node.oem4f (.text:NodeTreeFree)
                  00009a70    00000110               : raw.oem4f (.text:RawInput)
                  00009b80    00000110     rtsv7M4_T_le_v4SPD16_eabi.lib : s_scalbn.c.obj (.text:scalbn)
                  00009c90    00000110                                   : strtoul.c.obj (.text:strtoul)
                  00009da0    0000010c     stk.aem4f : rtable.oem4f (.text:RtFind)
                  00009eac    0000010a               : route.oem4f (.text:RtCreate)
                  00009fb6    00000002     hal_ser_stub.aem4f : llserstb.oem4f (.text:llSerialService)
                  00009fb8    00000108     drivers_tivaware.aem4f : EMACSnow.oem4f (.text:EMACSnow_emacStart)
                  0000a0c0    00000108     sysbios.aem4f : BIOS.obj (.text:ti_sysbios_family_arm_lm4_Timer_start__E)
                  0000a1c8    00000106     http_ndk.aem4f : httpcli.oem4f (.text:HTTPCli_getResponseField)
                  0000a2ce    00000002     rtsv7M4_T_le_v4SPD16_eabi.lib : div0.asm.obj (.text)
                  0000a2d0    00000104     os.aem4f : task.oem4f (.text:llEnter)
                  0000a3d4    00000102     nettool_ipv4.aem4f : dhcppkt.oem4f (.text:dhcpPacketProcess)
                  0000a4d6    00000102                        : inetaddr.oem4f (.text:inet_aton)
                  0000a5d8    00000100     stk.aem4f : igmp.oem4f (.text:IGMPSendReply)
                  0000a6d8    00000100     ti.targets.arm.rtsarm.aem4f : Core-mem.oem4f (.text:xdc_runtime_Core_createObject__I)
                  0000a7d8    000000fc     netctrl_min_ipv4.aem4f : netctrl.oem4f (.text:NetScheduler)
                  0000a8d4    000000fc     rtsv7M4_T_le_v4SPD16_eabi.lib : fd_mul_t2.asm.obj (.text)
                  0000a9d0    000000f8     stk.aem4f : pipe.oem4f (.text:PipeRecv)
                  0000aac8    000000f8     ti.targets.arm.rtsarm.aem4f : Startup.oem4f (.text:xdc_runtime_Startup_startMods__I)
                  0000abc0    000000f8     httpget_pem4f.oem4f (.text:xdc_runtime_System_printfExtend__I)
                  0000acb8    000000f4     os.aem4f : task.oem4f (.text:TaskGetEnv)
                  0000adac    000000f4     sysbios.aem4f : m3_Hwi_asm.obj (.text:ti_sysbios_family_arm_m3_Hwi_dispatch__I)
                  0000aea0    000000f4                   : BIOS.obj (.text:ti_sysbios_knl_Task_Instance_init__E)
                  0000af94    000000f2     http_ndk.aem4f : httpcli.oem4f (.text:bufferedRecv)
                  0000b086    00000002     httpget_pem4f.oem4f (.text:ti_ndk_config_Global_NetworkClose)
                  0000b088    000000f0     stk.aem4f : lliout.oem4f (.text:LLIGenArpPacket)
                  0000b178    000000f0               : sock.oem4f (.text:SockClose)
                  0000b268    000000ee     nettool_ipv4.aem4f : dnspkt.oem4f (.text:DNSWriteRecord)
                  0000b356    00000002     httpget_pem4f.oem4f (.text:ti_ndk_config_Global_NetworkOpen)
                  0000b358    000000ec     http_ndk.aem4f : httpcli.oem4f (.text:redirect)
                  0000b444    000000e8     os.aem4f : task.oem4f (.text:TaskSetEnv)
                  0000b52c    000000e6     nettool_ipv4.aem4f : dnspkt.oem4f (.text:DNSWriteName)
                  0000b612    00000002     httpget_pem4f.oem4f (.text:ti_sysbios_BIOS_nullFunc__I)
                  0000b614    000000e6     http_ndk.aem4f : httpcli.oem4f (.text:HTTPCli_initSockAddr)
                  0000b6fa    00000006     driverlib.lib : emac.obj (.text:EMACRxDMADescriptorListSet)
                  0000b700    000000e4     sysbios.aem4f : BIOS.obj (.text:ti_sysbios_knl_Task_postInit__I)
                  0000b7e4    000000e0     stk.aem4f : tcptime.oem4f (.text:TcpTimeoutRexmt)
                  0000b8c4    000000dc               : sb.oem4f (.text:SBWrite)
                  0000b9a0    000000dc     nettool_ipv4.aem4f : dhcpsock.oem4f (.text:dhcpSocketOpen)
                  0000ba7c    000000dc                        : dhcpsm.oem4f (.text:dhcpState)
                  0000bb58    000000d8     stk.aem4f : node.oem4f (.text:NodeAdd)
                  0000bc30    000000d8               : tcpprot.oem4f (.text:TcpPrSetOption)
                  0000bd08    000000d4     drivers_tivaware.aem4f : EMACSnow.oem4f (.text:EMACSnow_handleRx)
                  0000bddc    000000d4     stk.aem4f : sockpcb.oem4f (.text:SockPcbBind)
                  0000beb0    000000d4     sysbios.aem4f : BIOS.obj (.text:ti_sysbios_heaps_HeapMem_alloc__E)
                  0000bf84    000000d1     stk.aem4f : nimu.oem4f (.text:NIMUReceivePacket)
                  0000c055    00000001     --HOLE-- [fill = 0]
                  0000c056    00000002     httpget_pem4f.oem4f (.text:xdc_runtime_Startup_reset__I)
                  0000c058    000000cc     stk.aem4f : icmp.oem4f (.text:ICMPSendRtAdv)
                  0000c124    000000cc     nettool_ipv4.aem4f : dhcpbild.oem4f (.text:dhcpBuildHeader)
                  0000c1f0    000000cc                        : dhcpsm.oem4f (.text:dhcpIPAdd)
                  0000c2bc    000000cc                        : dhcppkt.oem4f (.text:dhcpVerifyMessage)
                  0000c388    000000cc     ti.targets.arm.rtsarm.aem4f : Core-smem.oem4f (.text:xdc_runtime_Core_constructObject__I)
                  0000c454    000000c8     stk.aem4f : rawethsock.oem4f (.text:RawEthSockNew)
                  0000c51c    000000c8     netctrl_min_ipv4.aem4f : netsrv.oem4f (.text:SPIpNet)
                  0000c5e4    000000c4     drivers_tivaware.aem4f : EMACSnow.oem4f (.text:EMACSnow_InitDMADescriptors)
                  0000c6a8    000000c4     stk.aem4f : igmp.oem4f (.text:IGMPJoinHostGroup)
                  0000c76c    000000c4     nettool_ipv4.aem4f : dhcpsm.oem4f (.text:StateBound)
                  0000c830    000000c4     http_ndk.aem4f : httpcli.oem4f (.text:getChunkedData)
                  0000c8f4    000000c2     nettool_ipv4.aem4f : dnspkt.oem4f (.text:DNSReadName)
                  0000c9b6    00000002     --HOLE-- [fill = 0]
                  0000c9b8    000000c0     sysbios.aem4f : BIOS.obj (.text:ti_sysbios_knl_Task_sleep__E)
                  0000ca78    000000be     nettool_ipv4.aem4f : dnsclnt.oem4f (.text:DNSGetHostByName)
                  0000cb36    000000bc     stk.aem4f : sockpcb.oem4f (.text:SockPcbFind)
                  0000cbf2    00000002     --HOLE-- [fill = 0]
                  0000cbf4    000000bc               : vlan.oem4f (.text:VLANDeinit)
                  0000ccb0    000000bc     sysbios.aem4f : BIOS.obj (.text:ti_sysbios_family_arm_m3_Hwi_excDebugMon__I)
                  0000cd6c    00000004     http_ndk.aem4f : httpcli.oem4f (.text:HTTPCli_construct)
                  0000cd70    000000bc     sysbios.aem4f : BIOS.obj (.text:ti_sysbios_family_arm_m3_Hwi_excHardFault__I)
                  0000ce2c    00000004     os.aem4f : ossys.oem4f (.text:NDK_vsprintf)
                  0000ce30    000000bc     sysbios.aem4f : BIOS.obj (.text:ti_sysbios_knl_Task_exit__E)
                  0000ceec    000000b8     EK_TM4C1294XL.obj (.text:EK_TM4C1294XL_initGeneral)
                  0000cfa4    000000b8     stk.aem4f : icmpin.oem4f (.text:ICMPRevSrcRoute)
                  0000d05c    000000b8               : lli.oem4f (.text:_LLITimeoutCheck)
                  0000d114    000000b4               : tcptime.oem4f (.text:TcpTimeoutKeep)
                  0000d1c8    000000b4     http_ndk.aem4f : httpcli.oem4f (.text:getStatus)
                  0000d27c    00000004     stk.aem4f : node.oem4f (.text:NodeSetRt)
                  0000d280    000000b4     sysbios.aem4f : BIOS.obj (.text:ti_sysbios_knl_Task_checkStacks__E)
                  0000d334    000000b1     rtsv7M4_T_le_v4SPD16_eabi.lib : _printfi.c.obj (.text:_ltostr)
                  0000d3e5    00000003     --HOLE-- [fill = 0]
                  0000d3e8    000000b1     nettool_ipv4.aem4f : inetaddr.oem4f (.text:createAddrInfo)
                  0000d499    00000001     --HOLE-- [fill = 0]
                  0000d49a    000000b0     stk.aem4f : rawethsock.oem4f (.text:RawEthSockSet)
                  0000d54a    00000002     --HOLE-- [fill = 0]
                  0000d54c    000000ac               : rtable.oem4f (.text:RtTimeoutCheck)
                  0000d5f8    000000ac     http_ndk.aem4f : httpcli.oem4f (.text:httpProxyTunnel)
                  0000d6a4    000000ac     drivers_tivaware.aem4f : UARTTiva.oem4f (.text:readTaskBlocking)
                  0000d750    000000ac     sysbios.aem4f : BIOS.obj (.text:ti_sysbios_family_arm_lm4_Timer_enableTiva__I)
                  0000d7fc    000000aa     network_ndk.aem4f : ssock.oem4f (.text:Ssock_send)
                  0000d8a6    00000002     --HOLE-- [fill = 0]
                  0000d8a8    000000a8     stk.aem4f : sockint.oem4f (.text:SockCreatePacket)
                  0000d950    000000a4     httpget.obj (.text:TimeCalc)
                  0000d9f4    00000004     stk.aem4f : rawethsock_prot.oem4f (.text:RawEthSockPrAttach)
                  0000d9f8    000000a4     sysbios.aem4f : BIOS.obj (.text:ti_sysbios_knl_Task_setPri__E)
                  0000da9c    000000a2     httpget.obj (.text:main)
                  0000db3e    00000002     --HOLE-- [fill = 0]
                  0000db40    000000a0     stk.aem4f : ip.oem4f (.text:IPGetRoute)
                  0000dbe0    000000a0     auto_init.aem4f : auto_init.oem4f (.text)
                  0000dc80    000000a0     ti.targets.arm.rtsarm.aem4f : Text.oem4f (.text:xdc_runtime_Text_putMod__E)
                  0000dd20    0000009e     stk.aem4f : nimu.oem4f (.text:NIMUAddEthernetHeader)
                  0000ddbe    0000009e     nettool_ipv4.aem4f : dhcpbild.oem4f (.text:dhcpBuildRequest)
                  0000de5c    0000009c     stk.aem4f : exec.oem4f (.text:ExecOpen)
                  0000def8    0000009c     rtsv7M4_T_le_v4SPD16_eabi.lib : memcpy_t2.asm.obj (.text)
                  0000df94    0000009a     ti.targets.arm.rtsarm.aem4f : Text.oem4f (.text:xdc_runtime_Text_putSite__E)
                  0000e02e    00000002     --HOLE-- [fill = 0]
                  0000e030    00000098     netctrl_min_ipv4.aem4f : netctrl.oem4f (.text:NC_SystemOpen)
                  0000e0c8    00000098                            : netsrv.oem4f (.text:ServiceScan)
                  0000e160    00000098     drivers_tivaware.aem4f : UARTTiva.oem4f (.text:UARTTiva_readPolling)
                  0000e1f8    00000098     Boot.aem4f : Boot.oem4f (.text:ti_catalog_arm_cortexm4_tiva_ce_Boot_sysCtlClockFreqSet__E)
                  0000e290    00000098     sysbios.aem4f : BIOS.obj (.text:ti_sysbios_knl_Task_schedule__I)
                  0000e328    00000096     rtsv7M4_T_le_v4SPD16_eabi.lib : ull_div_t2.asm.obj (.text)
                  0000e3be    00000002     --HOLE-- [fill = 0]
                  0000e3c0    00000094     nettool_ipv4.aem4f : config.oem4f (.text:CfgRemoveEntry)
                  0000e454    00000094     drivers_tivaware.aem4f : UARTTiva.oem4f (.text:UARTTiva_write)
                  0000e4e8    00000094     sysbios.aem4f : BIOS.obj (.text:ti_sysbios_family_arm_m3_Hwi_Instance_init__E)
                  0000e57c    00000004     stk.aem4f : rawethsock_prot.oem4f (.text:RawEthSockPrDetach)
                  0000e580    00000094     sysbios.aem4f : BIOS.obj (.text:ti_sysbios_family_arm_m3_Hwi_initNVIC__E)
                  0000e614    00000090     nettool_ipv4.aem4f : config.oem4f (.text:CfgExecute)
                  0000e6a4    00000090     stk.aem4f : igmp.oem4f (.text:IGMPMsg)
                  0000e734    00000090     httpget.obj (.text:clientSocketTask)
                  0000e7c4    00000090     os.aem4f : mem.oem4f (.text:mmBulkAlloc)
                  0000e854    00000090     http_ndk.aem4f : httpcli.oem4f (.text:readLine)
                  0000e8e4    00000004     os.aem4f : semaphore.oem4f (.text:SemPend)
                  0000e8e8    00000090     sysbios.aem4f : BIOS.obj (.text:ti_sysbios_knl_Task_Module_startup__E)
                  0000e978    00000090                   : BIOS.obj (.text:ti_sysbios_knl_Task_startCore__E)
                  0000ea08    0000008c     nettool_ipv4.aem4f : dnscomn.oem4f (.text:DNSResolveQuery)
                  0000ea94    0000008c     drivers_tivaware.aem4f : GPIOTiva.oem4f (.text:GPIO_init)
                  0000eb20    0000008c     stk.aem4f : ip.oem4f (.text:IPMsg)
                  0000ebac    0000008c     drivers_tivaware.aem4f : UARTTiva.oem4f (.text:UARTTiva_control)
                  0000ec38    0000008c     os.aem4f : mem.oem4f (.text:_mmInit)
                  0000ecc4    0000008c              : mem.oem4f (.text:mmInitPage)
                  0000ed50    0000008c     sysbios.aem4f : m3_TaskSupport_asm.obj (.text:ti_sysbios_family_arm_m3_TaskSupport_buildTaskStack)
                  0000eddc    0000008a     netctrl_min_ipv4.aem4f : netsrv.oem4f (.text:SPRoute)
                  0000ee66    0000008a     drivers_tivaware.aem4f : UARTTiva.oem4f (.text:readIsrTextBlocking)
                  0000eef0    00000088     netctrl_min_ipv4.aem4f : netsrv.oem4f (.text:ServiceSpawn)
                  0000ef78    00000088     stk.aem4f : sockpcb.oem4f (.text:SockPcbCtlError)
                  0000f000    00000088     sysbios.aem4f : BIOS.obj (.text:ti_sysbios_knl_Mailbox_post__E)
                  0000f088    00000087     httpget_pem4f.oem4f (.text:ti_ndk_config_Global_NetworkIPAddr)
                  0000f10f    00000001     --HOLE-- [fill = 0]
                  0000f110    00000086     nettool_ipv4.aem4f : dhcpsm.oem4f (.text:StateRequesting)
                  0000f196    00000086     rtsv7M4_T_le_v4SPD16_eabi.lib : fd_cmp_t2.asm.obj (.text:__aeabi_cdcmple)
                  0000f21c    00000086                                   : fd_cmp_t2.asm.obj (.text:__aeabi_cdrcmple)
                  0000f2a2    00000002     --HOLE-- [fill = 0]
                  0000f2a4    00000084     nettool_ipv4.aem4f : config.oem4f (.text:CfgGetEntry)
                  0000f328    00000084     drivers_tivaware.aem4f : EMACSnow.oem4f (.text:EMACSnow_processPhyInterrupt)
                  0000f3ac    00000084     stk.aem4f : tcpprot.oem4f (.text:TcpPrAttach)
                  0000f430    00000084     os.aem4f : mem.oem4f (.text:mmBulkFree)
                  0000f4b4    00000084              : mem.oem4f (.text:mmFree)
                  0000f538    00000084     sysbios.aem4f : BIOS.obj (.text:ti_sysbios_family_arm_m3_Hwi_postInit__I)
                  0000f5bc    00000082     nettool_ipv4.aem4f : dhcpsm.oem4f (.text:StateRenewRebind)
                  0000f63e    00000082     drivers_tivaware.aem4f : UARTTiva.oem4f (.text:readIsrTextCallback)
                  0000f6c0    00000080                            : EMACSnow.oem4f (.text:EMACSnow_emacStop)
                  0000f740    00000080                            : EMACSnow.oem4f (.text:EMACSnow_processPendingTx)
                  0000f7c0    00000080     stk.aem4f : lli.oem4f (.text:LLINew)
                  0000f840    00000080     netctrl_min_ipv4.aem4f : netsrv.oem4f (.text:NS_BootTask)
                  0000f8c0    00000080     stk.aem4f : pbm.oem4f (.text:PBM_alloc)
                  0000f940    00000080               : raw.oem4f (.text:RawOutput)
                  0000f9c0    0000007e               : fileuser.oem4f (.text:fdClose)
                  0000fa3e    00000002     --HOLE-- [fill = 0]
                  0000fa40    0000007c     nettool_ipv4.aem4f : config.oem4f (.text:CfgGetNextEntry)
                  0000fabc    0000007c     drivers_tivaware.aem4f : EMACSnow.oem4f (.text:EMACSnow_hwiIntFxn)
                  0000fb38    0000007c     stk.aem4f : igmp.oem4f (.text:IGMPDoMCast)
                  0000fbb4    0000007c               : igmp.oem4f (.text:IGMPJoin)
                  0000fc30    0000007c               : socket.oem4f (.text:NDK_setsockopt)
                  0000fcac    0000007c               : nimu.oem4f (.text:NIMURegister)
                  0000fd28    0000007c               : pbm.oem4f (.text:PBM_free)
                  0000fda4    0000007c     nettool_ipv4.aem4f : inetaddr.oem4f (.text:inet_pton)
                  0000fe20    0000007c     sysbios.aem4f : BIOS.obj (.text:ti_sysbios_heaps_HeapMem_free__E)
                  0000fe9c    0000007a     stk.aem4f : sock.oem4f (.text:SockAccept)
                  0000ff16    0000007a     drivers_tivaware.aem4f : UARTTiva.oem4f (.text:readTaskCallback)
                  0000ff90    0000007a     rtsv7M4_T_le_v4SPD16_eabi.lib : memset_t2.asm.obj (.text)
                  0001000a    00000002     --HOLE-- [fill = 0]
                  0001000c    00000078     driverlib.lib : emac.obj (.text:EMACInit)
                  00010084    00000078     stk.aem4f : socket.oem4f (.text:NDK_sendto)
                  000100fc    00000078               : tcptime.oem4f (.text:TcpXmitTimer)
                  00010174    00000078               : fileuser.oem4f (.text:fdOpenSession)
                  000101ec    00000078     os.aem4f : task.oem4f (.text:llExit)
                  00010264    00000076     stk.aem4f : pipe.oem4f (.text:PipeSend)
                  000102da    00000002     --HOLE-- [fill = 0]
                  000102dc    00000075               : tcptime.oem4f (.text:TcpTimeoutSackRexmt)
                  00010351    00000003     --HOLE-- [fill = 0]
                  00010354    00000074               : igmp.oem4f (.text:IGMPLeaveHostGroup)
                  000103c8    00000074               : nimu.oem4f (.text:NIMUShutdown)
                  0001043c    00000074               : raweth.oem4f (.text:RawEthRxPacket)
                  000104b0    00000074               : sockpcb.oem4f (.text:SockPcbConnect)
                  00010524    00000074     nettool_ipv4.aem4f : inetaddr.oem4f (.text:setAddrInfo)
                  00010598    00000074     sysbios.aem4f : BIOS.obj (.text:ti_sysbios_knl_Mailbox_pend__E)
                  0001060c    00000072     os.aem4f : semaphore.oem4f (.text:SemCreateBinary)
                  0001067e    00000002     --HOLE-- [fill = 0]
                  00010680    00000070     http_ndk.aem4f : httpcli.oem4f (.text:HTTPCli_sendRequest)
                  000106f0    00000070     stk.aem4f : socket.oem4f (.text:NDK_accept)
                  00010760    00000070               : socket.oem4f (.text:NDK_send)
                  000107d0    00000070               : rtable.oem4f (.text:RtFlush)
                  00010840    00000070     netctrl_min_ipv4.aem4f : netsrv.oem4f (.text:SPConfig)
                  000108b0    00000070     stk.aem4f : sock.oem4f (.text:SockShutdown)
                  00010920    00000070     nettool_ipv4.aem4f : dhcptags.oem4f (.text:dhcpDecodeType)
                  00010990    00000070     sysbios.aem4f : BIOS.obj (.text:ti_sysbios_knl_Clock_workFunc__E)
                  00010a00    0000006e     stk.aem4f : socket.oem4f (.text:NDK_recv)
                  00010a6e    00000002     --HOLE-- [fill = 0]
                  00010a70    0000006e               : rtable.oem4f (.text:RtWalkNext)
                  00010ade    0000006e               : sockpcb.oem4f (.text:SockPcbFindRaw)
                  00010b4c    0000006e     rtsv7M4_T_le_v4SPD16_eabi.lib : _printfi.c.obj (.text:_mcpy)
                  00010bba    0000006e                                   : ll_div_t2.asm.obj (.text)
                  00010c28    0000006d     stk.aem4f : node.oem4f (.text:NodeNew)
                  00010c95    00000003     --HOLE-- [fill = 0]
                  00010c98    0000006d     ti.targets.arm.rtsarm.aem4f : System.oem4f (.text:xdc_runtime_System_formatNum__I)
                  00010d05    00000003     --HOLE-- [fill = 0]
                  00010d08    0000006c     os.aem4f : ossys.oem4f (.text:DbgPrintf)
                  00010d74    0000006c     stk.aem4f : node.oem4f (.text:NodeTreeNew)
                  00010de0    0000006c               : raweth.oem4f (.text:RawEthTxPacket)
                  00010e4c    0000006c               : udp.oem4f (.text:UdpChecksum)
                  00010eb8    0000006c     rtsv7M4_T_le_v4SPD16_eabi.lib : asctime.c.obj (.text:asctime)
                  00010f24    0000006c     http_ndk.aem4f : httpcli.oem4f (.text:checkContentField)
                  00010f90    0000006c     httpget_pem4f.oem4f (.text:ti_ndk_config_ip_init)
                  00010ffc    00000004     os.aem4f : semaphore.oem4f (.text:SemPost)
                  00011000    0000006c     sysbios.aem4f : BIOS.obj (.text:ti_sysbios_knl_Swi_restoreHwi__E)
                  0001106c    0000006c     drivers_tivaware.aem4f : UARTTiva.oem4f (.text:writeData)
                  000110d8    0000006c     ti.targets.arm.rtsarm.aem4f : Error.oem4f (.text:xdc_runtime_Error_print__E)
                  00011144    0000006c                                 : Memory.oem4f (.text:xdc_runtime_Memory_alloc__E)
                  000111b0    0000006a     stk.aem4f : tcpprot.oem4f (.text:TcpPrInherit)
                  0001121a    00000068               : socket.oem4f (.text:NDK_socket)
                  00011282    00000002     --HOLE-- [fill = 0]
                  00011284    00000068               : pbm.oem4f (.text:PBM_open)
                  000112ec    00000068               : sock.oem4f (.text:SockListen)
                  00011354    00000068               : rtable.oem4f (.text:_RtNodeInsert)
                  000113bc    00000068     rtsv7M4_T_le_v4SPD16_eabi.lib : copy_decompress_lzss.c.obj (.text:decompress:lzss:__TI_decompress_lzss)
                  00011424    00000066     ti.targets.arm.rtsarm.aem4f : Core-mem.oem4f (.text:xdc_runtime_Core_deleteObject__I)
                  0001148a    00000002     --HOLE-- [fill = 0]
                  0001148c    00000064     nettool_ipv4.aem4f : config.oem4f (.text:CfgFree)
                  000114f0    00000064     drivers_tivaware.aem4f : GPIOTiva.oem4f (.text:GPIO_hwiIntFxn)
                  00011554    00000064     stk.aem4f : pbm.oem4f (.text:PBMQ_enq)
                  000115b8    00000064               : sockint.oem4f (.text:SockSpawnAbort)
                  0001161c    00000064     rtsv7M4_T_le_v4SPD16_eabi.lib : s_frexp.c.obj (.text:frexp)
                  00011680    00000064     hal_timer_bios.aem4f : lltimer.oem4f (.text:llTimerTick)
                  000116e4    00000064     httpget_pem4f.oem4f (.text:ti_sysbios_family_arm_m3_Hwi_create)
                  00011748    00000064     sysbios.aem4f : BIOS.obj (.text:ti_sysbios_family_arm_m3_Hwi_dispatchC__I)
                  000117ac    00000004     os.aem4f : semaphore.oem4f (.text:SemReset)
                  000117b0    00000064     sysbios.aem4f : BIOS.obj (.text:ti_sysbios_knl_Semaphore_post__E)
                  00011814    00000064     stk.aem4f : lliin.oem4f (.text:updateRtTable)
                  00011878    00000062               : ipin.oem4f (.text:IPRouteIP)
                  000118da    00000002     --HOLE-- [fill = 0]
                  000118dc    00000062               : sb.oem4f (.text:SBNew)
                  0001193e    00000002     --HOLE-- [fill = 0]
                  00011940    00000060     nettool_ipv4.aem4f : config.oem4f (.text:CfgGetEntryCnt)
                  000119a0    00000060     stk.aem4f : file.oem4f (.text:FdWaitEvent)
                  00011a00    00000060               : nimu.oem4f (.text:NIMUUnregister)
                  00011a60    00000060               : node.oem4f (.text:NodeFind)
                  00011ac0    00000060               : rtc.oem4f (.text:RTCMsg)
                  00011b20    00000060               : tcp.oem4f (.text:TcpChecksum)
                  00011b80    00000060     nettool_ipv4.aem4f : dhcptags.oem4f (.text:dhcpBuildOptions)
                  00011be0    00000060     httpget_pem4f.oem4f (.text:ti_ndk_config_Global_serviceReport)
                  00011c40    0000005e     stk.aem4f : route.oem4f (.text:RtRemove)
                  00011c9e    0000005e     nettool_ipv4.aem4f : dhcpsm.oem4f (.text:StateSelecting)
                  00011cfc    0000005e     stk.aem4f : vlan.oem4f (.text:VLANReceivePacket)
                  00011d5a    0000005e     drivers_tivaware.aem4f : UARTTiva.oem4f (.text:readIsrBinaryBlocking)
                  00011db8    0000005c     nettool_ipv4.aem4f : config.oem4f (.text:CfgSetExecuteOrder)
                  00011e14    0000005c     stk.aem4f : nimu.oem4f (.text:NIMUIoctlSpecialCmd)
                  00011e70    0000005c     netctrl_min_ipv4.aem4f : netsrv.oem4f (.text:SPService)
                  00011ecc    0000005c     httpget_pem4f.oem4f (.text:ti_sysbios_knl_Swi_create)
                  00011f28    0000005c     sysbios.aem4f : BIOS.obj (.text:ti_sysbios_knl_Swi_run__I)
                  00011f84    00000004     network_ndk.aem4f : ssock.oem4f (.text:Ssock_getSocket)
                  00011f88    0000005c     sysbios.aem4f : BIOS.obj (.text:ti_sysbios_knl_Swi_schedule__I)
                  00011fe4    0000005c     httpget_pem4f.oem4f (.text:ti_sysbios_knl_Task_create)
                  00012040    0000005c     sysbios.aem4f : BIOS.obj (.text:ti_sysbios_knl_Task_unblockI__E)
                  0001209c    0000005b     ti.targets.arm.rtsarm.aem4f : Text.oem4f (.text:xdc_runtime_Text_putLab__E)
                  000120f7    00000001     --HOLE-- [fill = 0]
                  000120f8    0000005a     stk.aem4f : route.oem4f (.text:RtRedirect)
                  00012152    0000005a               : tcpprot.oem4f (.text:TcpValidateMetrics)
                  000121ac    0000005a     nettool_ipv4.aem4f : dhcpbild.oem4f (.text:dhcpBuildDecline)
                  00012206    0000005a     os.aem4f : mem.oem4f (.text:mmCopy)
                  00012260    0000005a     httpget_pem4f.oem4f (.text:ti_ndk_config_tcp_init)
                  000122ba    00000002     --HOLE-- [fill = 0]
                  000122bc    00000058     stk.aem4f : bind.oem4f (.text:BindFree)
                  00012314    00000058     boot.aem4f : boot.oem4f (.text)
                  0001236c    00000058     driverlib.lib : emac.obj (.text:EMACPHYConfigSet)
                  000123c4    00000058     rtsv7M4_T_le_v4SPD16_eabi.lib : hostwrite.c.obj (.text:HOSTwrite)
                  0001241c    00000058     stk.aem4f : igmp.oem4f (.text:IGMPTimer)
                  00012474    00000058     os.aem4f : semaphore.oem4f (.text:SemCreate)
                  000124cc    00000058     httpget_pem4f.oem4f (.text:ti_sysbios_family_arm_m3_Hwi_construct)
                  00012524    00000058     sysbios.aem4f : m3_Hwi_asm_switch.obj (.text:ti_sysbios_family_arm_m3_Hwi_initStacks__E)
                  0001257c    00000056     driverlib.lib : gpio.obj (.text:GPIOIntTypeSet)
                  000125d2    00000056     rtsv7M4_T_le_v4SPD16_eabi.lib : _printfi.c.obj (.text:_pconv_f)
                  00012628    00000056     http_ndk.aem4f : httpcli.oem4f (.text:sprsend)
                  0001267e    00000002     --HOLE-- [fill = 0]
                  00012680    00000054     nettool_ipv4.aem4f : config.oem4f (.text:CfgEntryDeRef)
                  000126d4    00000054     http_ndk.aem4f : httpcli.oem4f (.text:HTTPCli_sendField)
                  00012728    00000054     stk.aem4f : igmp.oem4f (.text:IGMPLeave)
                  0001277c    00000054               : rawethsock_pcb.oem4f (.text:RawEthSockPcbAttach)
                  000127d0    00000054               : sockpcb.oem4f (.text:SockCleanPcb)
                  00012824    00000054               : tcptime.oem4f (.text:TcpTimeoutPersist)
                  00012878    00000054     rtsv7M4_T_le_v4SPD16_eabi.lib : _ltoa.c.obj (.text:__TI_ltoa)
                  000128cc    00000054     http_ndk.aem4f : httpcli.oem4f (.text:asyncThread)
                  00012920    00000054     drivers_tivaware.aem4f : UARTTiva.oem4f (.text:readIsrBinaryCallback)
                  00012974    00000054     httpget.obj (.text:socketTask)
                  000129c8    00000054     sysbios.aem4f : BIOS.obj (.text:ti_sysbios_family_arm_lm4_Timer_initDevice__I)
                  00012a1c    00000004     os.aem4f : task.oem4f (.text:TaskSelf)
                  00012a20    00000054     sysbios.aem4f : BIOS.obj (.text:ti_sysbios_knl_Swi_Instance_init__E)
                  00012a74    00000054     ti.targets.arm.rtsarm.aem4f : Assert.oem4f (.text:xdc_runtime_Assert_raise__I)
                  00012ac8    00000052     nettool_ipv4.aem4f : dnscomn.oem4f (.text:DNSReplyFree)
                  00012b1a    00000052     stk.aem4f : tcpprot.oem4f (.text:TcpPrDetach)
                  00012b6c    00000052     rtsv7M4_T_le_v4SPD16_eabi.lib : _printfi.c.obj (.text:_ecpy)
                  00012bbe    00000002     --HOLE-- [fill = 0]
                  00012bc0    00000050     drivers_tivaware.aem4f : GPIOTiva.oem4f (.text:GPIO_setCallback)
                  00012c10    00000050                            : GPIOTiva.oem4f (.text:GPIO_toggle)
                  00012c60    00000050                            : GPIOTiva.oem4f (.text:GPIO_write)
                  00012cb0    00000050     stk.aem4f : socket.oem4f (.text:NDK_bind)
                  00012d00    00000050               : socket.oem4f (.text:NDK_connect)
                  00012d50    00000050               : route.oem4f (.text:RtNew)
                  00012da0    00000050     driverlib.lib : sysctl.obj (.text:SysCtlPeripheralReset)
                  00012df0    00000050     drivers_tivaware.aem4f : UARTTiva.oem4f (.text:UARTTiva_writeCancel)
                  00012e40    00000050     Boot.aem4f : Boot_sysctl.oem4f (.text:_SysCtlFrequencyGet)
                  00012e90    00000050     sysbios.aem4f : BIOS.obj (.text:ti_sysbios_family_arm_m3_Hwi_Module_startup__E)
                  00012ee0    00000050     ti.targets.arm.rtsarm.aem4f : Startup.oem4f (.text:xdc_runtime_Startup_exec__E)
                  00012f30    00000050                                 : Text.oem4f (.text:xdc_runtime_Text_visitRope2__I)
                  00012f80    0000004e     stk.aem4f : node.oem4f (.text:NodeDeRef)
                  00012fce    0000004e     nettool_ipv4.aem4f : config.oem4f (.text:_CfgEntryScan)
                  0001301c    0000004c                        : ipaddr.oem4f (.text:NtAddNetwork)
                  00013068    0000004c     stk.aem4f : sockint.oem4f (.text:SockValidateRoute)
                  000130b4    0000004c     drivers_tivaware.aem4f : UARTTiva.oem4f (.text:UARTTiva_close)
                  00013100    0000004c     rtsv7M4_T_le_v4SPD16_eabi.lib : atoi.c.obj (.text:atoi)
                  0001314c    0000004c                                   : cpy_tbl.c.obj (.text:copy_in)
                  00013198    0000004c                                   : snprintf.c.obj (.text:snprintf)
                  000131e4    00000004     os.aem4f : task.oem4f (.text:TaskSetPri)
                  000131e8    0000004c     sysbios.aem4f : BIOS.obj (.text:ti_sysbios_heaps_HeapMem_getStats__E)
                  00013234    00000004     driverlib.lib : uart.obj (.text:UARTIntClear)
                  00013238    0000004c     sysbios.aem4f : BIOS.obj (.text:ti_sysbios_knl_Swi_runLoop__I)
                  00013284    00000004     hal_ser_stub.aem4f : llserstb.oem4f (.text:_llSerialInit)
                  00013288    0000004c     sysbios.aem4f : BIOS.obj (.text:ti_sysbios_knl_Task_allBlockedFunction__I)
                  000132d4    0000004a     netctrl_min_ipv4.aem4f : netsrv.oem4f (.text:ServiceKill)
                  0001331e    0000004a     stk.aem4f : sock.oem4f (.text:SockDisconnect)
                  00013368    0000004a               : timer.oem4f (.text:TimerNew)
                  000133b2    00000048     nettool_ipv4.aem4f : config.oem4f (.text:CfgNew)
                  000133fa    00000002     --HOLE-- [fill = 0]
                  000133fc    00000048     driverlib.lib : gpio.obj (.text:GPIOPinConfigure)
                  00013444    00000048     stk.aem4f : lli.oem4f (.text:LLIMsg)
                  0001348c    00000048               : node.oem4f (.text:NodeWalk)
                  000134d4    00000048               : rawethsock_pcb.oem4f (.text:RawEthSockPcbDetach)
                  0001351c    00000048               : sockpcb.oem4f (.text:SockPcbResolveChain)
                  00013564    00000048               : tcpprot.oem4f (.text:TcpDrop)
                  000135ac    00000048               : lli.oem4f (.text:_LLIExpListInsert)
                  000135f4    00000048               : rtable.oem4f (.text:_RtExpListInsert)
                  0001363c    00000048               : file.oem4f (.text:fdint_lockfd)
                  00013684    00000048     rtsv7M4_T_le_v4SPD16_eabi.lib : fd_toi_t2.asm.obj (.text)
                  000136cc    00000004                                   : exit.c.obj (.text:abort:abort)
                  000136d0    00000048     sysbios.aem4f : BIOS.obj (.text:ti_sysbios_family_arm_lm4_Timer_enableTimers__I)
                  00013718    00000048                   : BIOS.obj (.text:ti_sysbios_family_arm_m3_Hwi_disableInterrupt__E)
                  00013760    00000048                   : BIOS.obj (.text:ti_sysbios_family_arm_m3_Hwi_enableInterrupt__E)
                  000137a8    00000048                   : BIOS.obj (.text:ti_sysbios_family_arm_m3_Hwi_excReserved__I)
                  000137f0    00000048                   : BIOS.obj (.text:ti_sysbios_knl_Mailbox_Module_startup__E)
                  00013838    00000048                   : BIOS.obj (.text:ti_sysbios_knl_Task_deleteTerminatedTasksFunc__I)
                  00013880    00000046     nettool_ipv4.aem4f : ipaddr.oem4f (.text:NtIfIdx2Ip)
                  000138c6    00000046     stk.aem4f : rawethsock.oem4f (.text:RawEthSockSend)
                  0001390c    00000046     drivers_tivaware.aem4f : RingBuf.oem4f (.text:RingBuf_put)
                  00013952    00000046     stk.aem4f : tcpprot.oem4f (.text:TcpPrCtlError)
                  00013998    00000046     os.aem4f : mem.oem4f (.text:mmZeroInit)
                  000139de    00000046     ti.targets.arm.rtsarm.aem4f : Core-params.oem4f (.text:xdc_runtime_Core_assignParams__I)
                  00013a24    00000044     drivers_tivaware.aem4f : EMACSnow.oem4f (.text:EMACSnow_processTransmitted)
                  00013a68    00000044     stk.aem4f : icmp.oem4f (.text:ICMPChecksum)
                  00013aac    00000044               : ipfrag.oem4f (.text:IPReasmFree)
                  00013af0    00000044               : lli.oem4f (.text:LLIGetValidTime)
                  00013b34    00000044               : rtable.oem4f (.text:RouteMsg)
                  00013b78    00000044               : rtable.oem4f (.text:RtWalkEnd)
                  00013bbc    00000044               : sockpcb.oem4f (.text:SockPcbDetach)
                  00013c00    00000044               : timer.oem4f (.text:TimerListInsert)
                  00013c44    00000044     hal_timer_bios.aem4f : lltimer.oem4f (.text:llTimerGetTime)
                  00013c88    00000044     sysbios.aem4f : BIOS.obj (.text:ti_sysbios_family_arm_lm4_Timer_isrStub__E)
                  00013ccc    00000004     stk.aem4f : listlib.oem4f (.text:list_get_head)
                  00013cd0    00000044     sysbios.aem4f : BIOS.obj (.text:ti_sysbios_family_arm_m3_Hwi_getStackInfo__E)
                  00013d14    00000004     stk.aem4f : listlib.oem4f (.text:list_get_next)
                  00013d18    00000044     sysbios.aem4f : BIOS.obj (.text:ti_sysbios_knl_Swi_post__E)
                  00013d5c    00000044     ti.targets.arm.rtsarm.aem4f : Error.oem4f (.text:xdc_runtime_Error_setX__E)
                  00013da0    00000044                                 : SysMin.oem4f (.text:xdc_runtime_SysMin_flush__E)
                  00013de4    00000044                                 : Text.oem4f (.text:xdc_runtime_Text_xprintf__I)
                  00013e28    00000042     stk.aem4f : socket.oem4f (.text:NDK_listen)
                  00013e6a    00000042               : tcpprot.oem4f (.text:TcpPrSendOOB)
                  00013eac    00000042     driverlib.lib : uart.obj (.text:UARTConfigSetExpClk)
                  00013eee    00000042     drivers_tivaware.aem4f : UARTTiva.oem4f (.text:UARTTiva_hwiIntFxn)
                  00013f30    00000042                            : UARTTiva.oem4f (.text:UARTTiva_writePolling)
                  00013f72    00000042     stk.aem4f : fileuser.oem4f (.text:fdCloseSession)
                  00013fb4    00000040     nettool_ipv4.aem4f : dnspkt.oem4f (.text:DNSBuildRequest)
                  00013ff4    00000040     http_ndk.aem4f : httpcli.oem4f (.text:HTTPCli_readResponseBody)
                  00014034    00000040     stk.aem4f : lliin.oem4f (.text:LLIValidateRoute)
                  00014074    00000040               : pbm.oem4f (.text:PBM_copy)
                  000140b4    00000040     drivers_tivaware.aem4f : RingBuf.oem4f (.text:RingBuf_get)
                  000140f4    00000040     stk.aem4f : sockpcb.oem4f (.text:SockPcbRtChange)
                  00014134    00000040               : tcpprot.oem4f (.text:TcpPrSend)
                  00014174    00000040     drivers_tivaware.aem4f : UARTTiva.oem4f (.text:UARTTiva_read)
                  000141b4    00000040     rtsv7M4_T_le_v4SPD16_eabi.lib : u_divt2.asm.obj (.text)
                  000141f4    00000040                                   : sprintf.c.obj (.text:sprintf)
                  00014234    00000040     http_ndk.aem4f : httpcli.oem4f (.text:threadCreate)
                  00014274    00000004                    : httpcli.oem4f (.text:threadExit)
                  00014278    00000040     sysbios.aem4f : BIOS.obj (.text:ti_sysbios_family_arm_lm4_Timer_Module_startup__E)
                  000142b8    00000040                   : BIOS.obj (.text:ti_sysbios_family_arm_lm4_Timer_startup__E)
                  000142f8    00000040                   : BIOS.obj (.text:ti_sysbios_heaps_HeapMem_Instance_init__E)
                  00014338    0000003e     nettool_ipv4.aem4f : dhcpmain.oem4f (.text:DHCPClose)
                  00014376    00000002     --HOLE-- [fill = 0]
                  00014378    0000003e     stk.aem4f : nimu.oem4f (.text:NIMUAllocateName)
                  000143b6    0000003e     os.aem4f : task.oem4f (.text:TaskCreate)
                  000143f4    0000003e     stk.aem4f : tcpprot.oem4f (.text:TcpPrDisconnect)
                  00014432    0000003e     rtsv7M4_T_le_v4SPD16_eabi.lib : _printfi.c.obj (.text:_fcpy)
                  00014470    0000003e     stk.aem4f : file.oem4f (.text:fdint_unlockfd)
                  000144ae    0000003c     nettool_ipv4.aem4f : config.oem4f (.text:CfgEntryGetData)
                  000144ea    0000003c     driverlib.lib : emac.obj (.text:EMACIntDisable)
                  00014526    0000003c     stk.aem4f : node.oem4f (.text:NodeUpdatePL)
                  00014562    00000002     --HOLE-- [fill = 0]
                  00014564    0000003c               : rtable.oem4f (.text:RtWalkBegin)
                  000145a0    0000003c               : tcpprot.oem4f (.text:TcpPrConnect)
                  000145dc    0000003c               : tcptime.oem4f (.text:TcpSetPersist)
                  00014618    0000003c               : rtc.oem4f (.text:_RTCSendRtAdv)
                  00014654    0000003c               : rtable.oem4f (.text:_RtNodeRemove)
                  00014690    0000003c     hal_timer_bios.aem4f : lltimer.oem4f (.text:_llTimerInit)
                  000146cc    0000003c     rtsv7M4_T_le_v4SPD16_eabi.lib : strncasecmp.c.obj (.text:strncasecmp)
                  00014708    0000003c     sysbios.aem4f : BIOS.obj (.text:ti_sysbios_family_arm_m3_Hwi_excSvCall__I)
                  00014744    00000004     httpget_pem4f.oem4f (.text:ti_sysbios_BIOS_RtsGateProxy_enter__E)
                  00014748    0000003c     sysbios.aem4f : BIOS.obj (.text:ti_sysbios_heaps_HeapMem_init__I)
                  00014784    00000004     httpget_pem4f.oem4f (.text:ti_sysbios_BIOS_RtsGateProxy_leave__E)
                  00014788    0000003c     sysbios.aem4f : BIOS.obj (.text:ti_sysbios_knl_Clock_Instance_init__E)
                  000147c4    00000004                   : BIOS.obj (.text:ti_sysbios_family_arm_lm4_Timer_masterEnable__I)
                  000147c8    0000003c                   : BIOS.obj (.text:ti_sysbios_knl_Swi_restore__E)
                  00014804    0000003a     driverlib.lib : emac.obj (.text:EMACIntEnable)
                  0001483e    00000002     --HOLE-- [fill = 0]
                  00014840    00000038                   : emac.obj (.text:EMACConfigGet)
                  00014878    00000038     stk.aem4f : ipfrag.oem4f (.text:IPReasmTimeout)
                  000148b0    00000038               : node.oem4f (.text:NodeGetRt)
                  000148e8    00000038     driverlib.lib : sysctl.obj (.text:SysCtlPeripheralReady)
                  00014920    00000038     stk.aem4f : tcpprot.oem4f (.text:TcpClose)
                  00014958    00000038               : timer.oem4f (.text:TimerHSTick)
                  00014990    00000038     drivers_tivaware.aem4f : UART.oem4f (.text:UART_init)
                  000149c8    00000038     rtsv7M4_T_le_v4SPD16_eabi.lib : trgmsg.c.obj (.text:__TI_writemsg)
                  00014a00    00000038     nettool_ipv4.aem4f : dhcpbild.oem4f (.text:dhcpBuildDiscover)
                  00014a38    00000038                        : dhcptags.oem4f (.text:dhcpOptionsClear)
                  00014a70    00000038     stk.aem4f : file.oem4f (.text:fdint_waitevent)
                  00014aa8    00000038     sysbios.aem4f : BIOS.obj (.text:ti_sysbios_family_arm_m3_Hwi_excNoIsr__I)
                  00014ae0    00000038     httpget_pem4f.oem4f (.text:ti_sysbios_knl_Clock_create)
                  00014b18    00000038     ti.targets.arm.rtsarm.aem4f : SysMin.oem4f (.text:xdc_runtime_SysMin_putch__E)
                  00014b50    00000038                                 : System.oem4f (.text:xdc_runtime_System_atexit__E)
                  00014b88    00000036     stk.aem4f : ip.oem4f (.text:IPChecksum)
                  00014bbe    00000036     network_ndk.aem4f : ssock.oem4f (.text:Ssock_recv)
                  00014bf4    00000036     drivers_tivaware.aem4f : UARTTiva.oem4f (.text:UARTTiva_readCancel)
                  00014c2a    00000036     rtsv7M4_T_le_v4SPD16_eabi.lib : strncpy.c.obj (.text:strncpy)
                  00014c60    00000035     httpget.obj (.text:printError)
                  00014c95    00000003     --HOLE-- [fill = 0]
                  00014c98    00000034     nettool_ipv4.aem4f : config.oem4f (.text:CfgSetService)
                  00014ccc    00000034     driverlib.lib : emac.obj (.text:EMACConfigSet)
                  00014d00    00000034                   : emac.obj (.text:EMACIntClear)
                  00014d34    00000034     drivers_tivaware.aem4f : EMACSnow.oem4f (.text:EMACSnow_emacPoll)
                  00014d68    00000034                            : EMACSnow.oem4f (.text:EMACSnow_isLinkUp)
                  00014d9c    00000034                            : EMAC.oem4f (.text:EMAC_init)
                  00014dd0    00000034     stk.aem4f : exec.oem4f (.text:ExecClose)
                  00014e04    00000034               : nimu.oem4f (.text:NIMUFindByName)
                  00014e38    00000034               : nimu.oem4f (.text:NIMUInit)
                  00014e6c    00000034               : rawethsock.oem4f (.text:RawEthSockNotify)
                  00014ea0    00000034               : sockprot.oem4f (.text:SockPrCtlError)
                  00014ed4    00000034     driverlib.lib : sysctl.obj (.text:SysCtlPeripheralEnable)
                  00014f08    00000034     rtsv7M4_T_le_v4SPD16_eabi.lib : trgmsg.c.obj (.text:__TI_readmsg)
                  00014f3c    00000034     os.aem4f : mem.oem4f (.text:mmUnInitPage)
                  00014f70    00000034              : ossys.oem4f (.text:stricmp)
                  00014fa4    00000034     rtsv7M4_T_le_v4SPD16_eabi.lib : strstr.c.obj (.text:strstr)
                  00014fd8    00000034     sysbios.aem4f : BIOS.obj (.text:ti_sysbios_family_arm_m3_Hwi_Instance_finalize__E)
                  0001500c    00000004     httpget_pem4f.oem4f (.text:ti_sysbios_family_arm_m3_Hwi_delete)
                  00015010    00000034     sysbios.aem4f : BIOS.obj (.text:ti_sysbios_family_arm_m3_Hwi_excNmi__I)
                  00015044    00000004     httpget_pem4f.oem4f (.text:ti_sysbios_family_arm_m3_Hwi_destruct)
                  00015048    00000034     sysbios.aem4f : BIOS.obj (.text:ti_sysbios_hal_Hwi_checkStack)
                  0001507c    00000034     httpget_pem4f.oem4f (.text:ti_sysbios_knl_Clock_construct)
                  000150b0    00000034     httpget_pem4f.oem4f (.text:ti_sysbios_knl_Semaphore_create)
                  000150e4    00000034     ti.targets.arm.rtsarm.aem4f : Core-label.oem4f (.text:xdc_runtime_Core_assignLabel__I)
                  00015118    00000033                                 : Text.oem4f (.text:xdc_runtime_Text_printVisFxn__I)
                  0001514b    00000001     --HOLE-- [fill = 0]
                  0001514c    00000032     nettool_ipv4.aem4f : config.oem4f (.text:CfgGetImmediate)
                  0001517e    00000032     stk.aem4f : route.oem4f (.text:RtDeRef)
                  000151b0    00000032               : route.oem4f (.text:RtSetFailure)
                  000151e2    00000032               : sb.oem4f (.text:SBFlush)
                  00015214    00000032               : sb.oem4f (.text:SBSetMax)
                  00015246    00000032               : sock.oem4f (.text:SockIntAbort)
                  00015278    00000032     nettool_ipv4.aem4f : config.oem4f (.text:_CfgAcquire)
                  000152aa    00000032                        : dhcpsm.oem4f (.text:dhcpIPRemove)
                  000152dc    00000004     httpget_pem4f.oem4f (.text:ti_sysbios_family_arm_m3_TaskSupport_Module__startupDone__S)
                  000152e0    00000032     sysbios.aem4f : BIOS.obj (.text:ti_sysbios_hal_Hwi_initStack)
                  00015312    00000006     driverlib.lib : emac.obj (.text:EMACTxDMADescriptorListSet)
                  00015318    00000032     sysbios.aem4f : BIOS.obj (.text:ti_sysbios_knl_Semaphore_pendTimeout__I)
                  0001534a    00000030     driverlib.lib : emac.obj (.text:EMACAddrSet)
                  0001537a    00000002     --HOLE-- [fill = 0]
                  0001537c    00000030     drivers_tivaware.aem4f : EMACSnow.oem4f (.text:EMACSnow_handlePackets)
                  000153ac    00000030     netctrl_min_ipv4.aem4f : netsrv.oem4f (.text:NS_PreBoot)
                  000153dc    00000030     stk.aem4f : sock.oem4f (.text:SockBind)
                  0001540c    00000030               : sock.oem4f (.text:SockGetName)
                  0001543c    00000030     drivers_tivaware.aem4f : UART.oem4f (.text:UART_open)
                  0001546c    00000030     rtsv7M4_T_le_v4SPD16_eabi.lib : snprintf.c.obj (.text:_outs)
                  0001549c    00000030     nettool_ipv4.aem4f : dhcpsock.oem4f (.text:dhcpPacketSend)
                  000154cc    00000030     stk.aem4f : listlib.oem4f (.text:list_remove_node)
                  000154fc    00000030     http_ndk.aem4f : httpcli.oem4f (.text:skipLine)
                  0001552c    00000030     httpget_pem4f.oem4f (.text:ti_sysbios_BIOS_atExitFunc__I)
                  0001555c    00000004     httpget_pem4f.oem4f (.text:ti_sysbios_heaps_HeapMem_Module_GateProxy_enter__E)
                  00015560    00000030     sysbios.aem4f : BIOS.obj (.text:ti_sysbios_family_arm_lm4_Timer_stop__E)
                  00015590    00000030                   : BIOS.obj (.text:ti_sysbios_family_arm_m3_TaskSupport_start__E)
                  000155c0    00000030     httpget_pem4f.oem4f (.text:ti_sysbios_gates_GateHwi_Object__create__S)
                  000155f0    00000030     httpget_pem4f.oem4f (.text:ti_sysbios_gates_GateMutex_Object__create__S)
                  00015620    00000030     sysbios.aem4f : BIOS.obj (.text:ti_sysbios_gates_GateMutex_enter__E)
                  00015650    00000030     httpget_pem4f.oem4f (.text:ti_sysbios_heaps_HeapMem_Object__create__S)
                  00015680    00000030     sysbios.aem4f : BIOS.obj (.text:ti_sysbios_knl_Mailbox_postInit__I)
                  000156b0    00000030     httpget_pem4f.oem4f (.text:ti_sysbios_knl_Semaphore_construct)
                  000156e0    00000030     sysbios.aem4f : BIOS.obj (.text:ti_sysbios_knl_Task_processVitalTaskFlag__I)
                  00015710    00000030     ti.targets.arm.rtsarm.aem4f : SysMin.oem4f (.text:xdc_runtime_SysMin_abort__E)
                  00015740    00000030                                 : System.oem4f (.text:xdc_runtime_System_processAtExit__E)
                  00015770    0000002e     stk.aem4f : sb.oem4f (.text:SBFree)
                  0001579e    0000002e     httpget_pem4f.oem4f (.text:malloc)
                  000157cc    0000002e     rtsv7M4_T_le_v4SPD16_eabi.lib : i_tofd_t2.asm.obj (.text)
                  000157fa    0000002e                                   : strcasecmp.c.obj (.text:strcasecmp)
                  00015828    0000002c     EK_TM4C1294XL.obj (.text:EK_TM4C1294XL_initUART)
                  00015854    0000002c     driverlib.lib : emac.obj (.text:EMACIntStatus)
                  00015880    0000002c     stk.aem4f : file.oem4f (.text:FdSignalEvent)
                  000158ac    0000002c               : igmp.oem4f (.text:IGMPTestGroup)
                  000158d8    0000002c     os.aem4f : task.oem4f (.text:NDK_hookCreate)
                  00015904    0000002c     stk.aem4f : nimu.oem4f (.text:NIMUAllocateIndex)
                  00015930    0000002c               : nimu.oem4f (.text:NIMUPacketServiceCheck)
                  0001595c    0000002c               : pipe.oem4f (.text:PipeClose)
                  00015988    0000002c               : sockpcb.oem4f (.text:SockPcbAttach)
                  000159b4    0000002c               : lli.oem4f (.text:_LLIExpListRemove)
                  000159e0    0000002c               : lli.oem4f (.text:_LLITimeoutFlush)
                  00015a0c    0000002c               : rtable.oem4f (.text:_RtExpListRemove)
                  00015a38    0000002c     http_ndk.aem4f : httpcli.oem4f (.text:lookUpResponseFields)
                  00015a64    0000002c     rtsv7M4_T_le_v4SPD16_eabi.lib : strncmp.c.obj (.text:strncmp)
                  00015a90    0000002c     httpget_pem4f.oem4f (.text:ti_sysbios_knl_Clock_doTick__I)
                  00015abc    0000002c     httpget_pem4f.oem4f (.text:ti_sysbios_knl_Queue_construct)
                  00015ae8    0000002c     sysbios.aem4f : BIOS.obj (.text:ti_sysbios_knl_Task_restore__E)
                  00015b14    0000002c     ti.targets.arm.rtsarm.aem4f : Text.oem4f (.text:xdc_runtime_Text_cordText__E)
                  00015b40    0000002a     driverlib.lib : gpio.obj (.text:GPIODirModeSet)
                  00015b6a    0000002a     stk.aem4f : pbm.oem4f (.text:PBMQ_deq)
                  00015b94    0000002a     netctrl_min_ipv4.aem4f : netsrv.oem4f (.text:ServiceCallback)
                  00015bbe    0000002a     nettool_ipv4.aem4f : config.oem4f (.text:_CfgRelease)
                  00015be8    0000002a                        : inetaddr.oem4f (.text:mergeLists)
                  00015c12    0000002a     ti.targets.arm.rtsarm.aem4f : System.oem4f (.text:xdc_runtime_System_putchar__I)
                  00015c3c    00000028     stk.aem4f : bind.oem4f (.text:BindFindByNet)
                  00015c64    00000028               : lli.oem4f (.text:LLIFree)
                  00015c8c    00000028     netctrl_min_ipv4.aem4f : netctrl.oem4f (.text:NC_SystemClose)
                  00015cb4    00000028     stk.aem4f : nimu.oem4f (.text:NIMUCreatePacket)
                  00015cdc    00000028               : nimu.oem4f (.text:NIMUPacketService)
                  00015d04    00000028               : tcpin.oem4f (.text:TcpEnterTimeWait)
                  00015d2c    00000028               : timer.oem4f (.text:TimerListRemove)
                  00015d54    00000028               : vlan.oem4f (.text:VLANFindSourceInterface)
                  00015d7c    00000028               : vlan.oem4f (.text:VLANInit)
                  00015da4    00000028     nettool_ipv4.aem4f : dhcpsock.oem4f (.text:dhcpPacketReceive)
                  00015dcc    00000028     drivers_tivaware.aem4f : EMACSnow.oem4f (.text:signalLinkChange)
                  00015df4    00000004     httpget_pem4f.oem4f (.text:ti_sysbios_heaps_HeapMem_Module_GateProxy_leave__E)
                  00015df8    00000028     sysbios.aem4f : BIOS.obj (.text:ti_sysbios_knl_Clock_addI__E)
                  00015e20    00000028                   : BIOS.obj (.text:ti_sysbios_knl_Swi_Module_startup__E)
                  00015e48    00000026     nettool_ipv4.aem4f : config.oem4f (.text:CfgEntryInfo)
                  00015e6e    00000026     driverlib.lib : emac.obj (.text:EMACPHYRead)
                  00015e94    00000026                   : emac.obj (.text:EMACPHYWrite)
                  00015eba    00000026     stk.aem4f : rawethsock.oem4f (.text:RawEthSockClose)
                  00015ee0    00000026     sysbios.aem4f : m3_Hwi_asm.obj (.text:ti_sysbios_family_arm_m3_Hwi_pendSV__I)
                  00015f06    00000026     ti.targets.arm.rtsarm.aem4f : System.oem4f (.text:xdc_runtime_System_avprintf__E)
                  00015f2c    00000024     stk.aem4f : bind.oem4f (.text:BindFindByHost)
                  00015f50    00000024               : bind.oem4f (.text:BindGetIFByDBCast)
                  00015f74    00000024     drivers_tivaware.aem4f : EMACSnow.oem4f (.text:EMACSnow_pkt_service)
                  00015f98    00000024                            : EMACSnow.oem4f (.text:EMACSnow_primeRx)
                  00015fbc    00000024     stk.aem4f : exec.oem4f (.text:ExecTimer)
                  00015fe0    00000024     http_ndk.aem4f : httpcli.oem4f (.text:HTTPCli_disconnect)
                  00016004    00000024     stk.aem4f : nimu.oem4f (.text:NIMUFindByIndex)
                  00016028    00000024               : rtc.oem4f (.text:RTCAddHook)
                  0001604c    00000024               : rawethsock_pcb.oem4f (.text:RawEthSockPcbFind)
                  00016070    00000024               : route.oem4f (.text:RtFree)
                  00016094    00000024               : route.oem4f (.text:RtSetTimeout)
                  000160b8    00000024               : sockpcb.oem4f (.text:SockPcbCleanup)
                  000160dc    00000024               : tcpprot.oem4f (.text:TcpPrListen)
                  00016100    00000024               : tcptime.oem4f (.text:TcpTimeoutWait2)
                  00016124    00000024     nettool_ipv4.aem4f : config.oem4f (.text:_CfgEntryProcess)
                  00016148    00000024     http_ndk.aem4f : httpcli.oem4f (.text:getRequestFieldValue)
                  0001616c    00000024     httpget.obj (.text:getTimeStr)
                  00016190    00000024     httpget_pem4f.oem4f (.text:ti_sysbios_BIOS_errorRaiseHook__I)
                  000161b4    00000024     httpget_pem4f.oem4f (.text:ti_sysbios_BIOS_registerRTSLock__I)
                  000161d8    00000024     httpget_pem4f.oem4f (.text:ti_sysbios_BIOS_removeRTSLock__I)
                  000161fc    00000024     httpget_pem4f.oem4f (.text:ti_sysbios_BIOS_startFunc__I)
                  00016220    00000024     httpget_pem4f.oem4f (.text:ti_sysbios_gates_GateMutex_Object__delete__S)
                  00016244    00000004     httpget_pem4f.oem4f (.text:ti_sysbios_knl_Clock_TimerProxy_getMaxTicks__E)
                  00016248    00000024     sysbios.aem4f : BIOS.obj (.text:ti_sysbios_knl_Clock_Module_startup__E)
                  0001626c    00000004     httpget_pem4f.oem4f (.text:ti_sysbios_knl_Clock_destruct)
                  00016270    00000024     sysbios.aem4f : BIOS.obj (.text:ti_sysbios_knl_Clock_start__E)
                  00016294    00000004     httpget_pem4f.oem4f (.text:ti_sysbios_knl_Queue_destruct)
                  00016298    00000024     sysbios.aem4f : BIOS.obj (.text:ti_sysbios_knl_Semaphore_Instance_init__E)
                  000162bc    00000024     httpget_pem4f.oem4f (.text:ti_sysbios_knl_Semaphore_Object__delete__S)
                  000162e0    00000024     sysbios.aem4f : BIOS.obj (.text:ti_sysbios_knl_Task_restoreHwi__E)
                  00016304    00000024     ti.targets.arm.rtsarm.aem4f : System.oem4f (.text:xdc_runtime_System_vprintf__E)
                  00016328    00000022     nettool_ipv4.aem4f : config.oem4f (.text:CfgEntryRef)
                  0001634a    00000022     stk.aem4f : vlan.oem4f (.text:VLANFindNode)
                  0001636c    00000004     httpget_pem4f.oem4f (.text:ti_sysbios_knl_Semaphore_delete)
                  00016370    00000022     sysbios.aem4f : BIOS.obj (.text:ti_sysbios_family_arm_lm4_Timer_write__I)
                  00016392    00000022     httpget_pem4f.oem4f (.text:xdc_runtime_SysMin_output__I)
                  000163b4    00000020     netctrl_min_ipv4.aem4f : netctrl.oem4f (.text:NC_BootComplete)
                  000163d4    00000020     stk.aem4f : nimu.oem4f (.text:NIMUGetNumOfObject)
                  000163f4    00000020               : rtc.oem4f (.text:RTCRemoveHook)
                  00016414    00000020               : tcp.oem4f (.text:TcpTimeoutRemove)
                  00016434    00000020     httpget.obj (.text:Timer_ISR)
                  00016454    00000020     Boot.aem4f : Boot_sysctl.oem4f (.text:_SysCtlMemTimingGet)
                  00016474    00000020     httpget_pem4f.oem4f (.text:ti_sysbios_BIOS_rtsLock__I)
                  00016494    00000004     httpget_pem4f.oem4f (.text:ti_sysbios_knl_Semaphore_destruct)
                  00016498    00000020     sysbios.aem4f : BIOS.obj (.text:ti_sysbios_family_arm_lm4_Timer_postInit__I)
                  000164b8    00000020     httpget_pem4f.oem4f (.text:ti_sysbios_family_arm_m3_Hwi_Object__delete__S)
                  000164d8    00000020     sysbios.aem4f : m3_Hwi_asm.obj (.text:ti_sysbios_family_arm_m3_Hwi_excHandlerAsm__I)
                  000164f8    00000020                   : BIOS.obj (.text:ti_sysbios_family_arm_m3_Hwi_excHandler__I)
                  00016518    00000020     httpget_pem4f.oem4f (.text:ti_sysbios_gates_GateHwi_Object__delete__S)
                  00016538    00000020     httpget_pem4f.oem4f (.text:ti_sysbios_heaps_HeapMem_Object__delete__S)
                  00016558    00000020     httpget_pem4f.oem4f (.text:ti_sysbios_knl_Clock_Object__destruct__S)
                  00016578    00000020     sysbios.aem4f : BIOS.obj (.text:ti_sysbios_knl_Idle_run__E)
                  00016598    00000020     httpget_pem4f.oem4f (.text:ti_sysbios_knl_Semaphore_Object__destruct__S)
                  000165b8    00000020     httpget_pem4f.oem4f (.text:ti_sysbios_knl_Swi_Object__delete__S)
                  000165d8    00000020     httpget_pem4f.oem4f (.text:ti_sysbios_knl_Task_Object__delete__S)
                  000165f8    00000020     ti.targets.arm.rtsarm.aem4f : Registry.oem4f (.text:xdc_runtime_Registry_findById__E)
                  00016618    00000020                                 : SysMin.oem4f (.text:xdc_runtime_SysMin_Module_startup__E)
                  00016638    0000001e     stk.aem4f : fileuser.oem4f (.text:fdError)
                  00016656    0000001e               : listlib.oem4f (.text:list_remove)
                  00016674    0000001e     httpget.obj (.text:recv)
                  00016692    0000001e     httpget.obj (.text:send)
                  000166b0    0000001e     rtsv7M4_T_le_v4SPD16_eabi.lib : strcat.c.obj (.text:strcat)
                  000166ce    0000001e     sysbios.aem4f : m3_Hwi_asm_switch.obj (.text:ti_sysbios_family_xxx_Hwi_switchAndRunFunc)
                  000166ec    0000001c     stk.aem4f : bind.oem4f (.text:BindFindByIF)
                  00016708    0000001c               : exec.oem4f (.text:ExecBroadcast)
                  00016724    0000001c     os.aem4f : ossys.oem4f (.text:NDK_sprintf)
                  00016740    0000001c     stk.aem4f : nimu.oem4f (.text:NIMUAddHeader)
                  0001675c    0000001c               : sockprot.oem4f (.text:SockPrDetach)
                  00016778    0000001c     network_ndk.aem4f : ssock.oem4f (.text:Ssock_destruct)
                  00016794    0000001c     os.aem4f : task.oem4f (.text:TaskDestroy)
                  000167b0    0000001c     driverlib.lib : uart.obj (.text:UARTDisable)
                  000167cc    0000001c     drivers_tivaware.aem4f : GPIOTiva.oem4f (.text:getGpioIntIndex)
                  000167e8    0000001c     rtsv7M4_T_le_v4SPD16_eabi.lib : memccpy.c.obj (.text:memccpy)
                  00016804    0000001c     httpget_pem4f.oem4f (.text:ti_ndk_config_global_taskCreateHook)
                  00016820    0000001c     httpget_pem4f.oem4f (.text:ti_sysbios_family_arm_m3_Hwi_Object__destruct__S)
                  0001683c    00000004     httpget_pem4f.oem4f (.text:ti_sysbios_knl_Swi_delete)
                  00016840    0000001c     sysbios.aem4f : BIOS.obj (.text:ti_sysbios_gates_GateMutex_Instance_init__E)
                  0001685c    00000004     httpget_pem4f.oem4f (.text:ti_sysbios_knl_Task_delete)
                  00016860    0000001c     sysbios.aem4f : BIOS.obj (.text:ti_sysbios_knl_Clock_Instance_finalize__E)
                  0001687c    0000001c     httpget_pem4f.oem4f (.text:ti_sysbios_knl_Queue_Object__destruct__S)
                  00016898    0000001c     sysbios.aem4f : BIOS.obj (.text:ti_sysbios_knl_Queue_get__E)
                  000168b4    00000004     ti.targets.arm.rtsarm.aem4f : Error.oem4f (.text:xdc_runtime_Error_getMsg__E)
                  000168b8    0000001c     sysbios.aem4f : BIOS.obj (.text:ti_sysbios_knl_Queue_put__E)
                  000168d4    00000004     ti.targets.arm.rtsarm.aem4f : Error.oem4f (.text:xdc_runtime_Error_getSite__E)
                  000168d8    0000001c     sysbios.aem4f : BIOS.obj (.text:ti_sysbios_knl_Task_enter__I)
                  000168f4    0000001c     ti.targets.arm.rtsarm.aem4f : Error.oem4f (.text:xdc_runtime_Error_raiseX__E)
                  00016910    0000001c                                 : Memory.oem4f (.text:xdc_runtime_Memory_valloc__E)
                  0001692c    0000001c                                 : SysMin.oem4f (.text:xdc_runtime_SysMin_exit__E)
                  00016948    0000001c                                 : System.oem4f (.text:xdc_runtime_System_abort__E)
                  00016964    0000001a     stk.aem4f : bind.oem4f (.text:BindGetIP)
                  0001697e    0000001a               : sockint.oem4f (.text:SockSetOOBMark)
                  00016998    0000001a     rtsv7M4_T_le_v4SPD16_eabi.lib : s_copysign.c.obj (.text:copysign)
                  000169b2    0000001a     stk.aem4f : file.oem4f (.text:fdint_getfdt)
                  000169cc    0000001a     httpget_pem4f.oem4f (.text:free)
                  000169e6    0000001a     httpget_pem4f.oem4f (.text:ti_sysbios_family_arm_m3_Hwi_Handle__label__S)
                  00016a00    0000001a     httpget_pem4f.oem4f (.text:ti_sysbios_gates_GateHwi_Handle__label__S)
                  00016a1a    0000001a     httpget_pem4f.oem4f (.text:ti_sysbios_gates_GateMutex_Handle__label__S)
                  00016a34    0000001a     httpget_pem4f.oem4f (.text:ti_sysbios_heaps_HeapMem_Handle__label__S)
                  00016a4e    0000001a     httpget_pem4f.oem4f (.text:ti_sysbios_knl_Swi_Handle__label__S)
                  00016a68    0000001a     httpget_pem4f.oem4f (.text:ti_sysbios_knl_Task_Handle__label__S)
                  00016a82    00000006     driverlib.lib : gpio.obj (.text:GPIOIntClear)
                  00016a88    0000001a     sysbios.aem4f : BIOS.obj (.text:ti_sysbios_knl_Task_sleepTimeout__I)
                  00016aa2    0000001a     httpget_pem4f.oem4f (.text:xdc_runtime_System_aprintf__E)
                  00016abc    0000001a     httpget_pem4f.oem4f (.text:xdc_runtime_System_printf__E)
                  00016ad6    00000002     --HOLE-- [fill = 0]
                  00016ad8    00000018     drivers_tivaware.aem4f : EMACSnow.oem4f (.text:EMACSnow_emacSend)
                  00016af0    00000018     stk.aem4f : ip.oem4f (.text:IPRtChange)
                  00016b08    00000018               : rawethsock_pcb.oem4f (.text:RawEthSockPcbCleanup)
                  00016b20    00000018     nettool_ipv4.aem4f : ipaddr.oem4f (.text:RouteHook)
                  00016b38    00000018     stk.aem4f : tcpin.oem4f (.text:SEQ_GEQ)
                  00016b50    00000018               : tcpout.oem4f (.text:SEQ_GEQ)
                  00016b68    00000018               : tcpin.oem4f (.text:SEQ_GT)
                  00016b80    00000018               : tcpout.oem4f (.text:SEQ_GT)
                  00016b98    00000018               : tcpin.oem4f (.text:SEQ_LEQ)
                  00016bb0    00000018               : tcpout.oem4f (.text:SEQ_LEQ)
                  00016bc8    00000018               : tcpin.oem4f (.text:SEQ_LT)
                  00016be0    00000018               : tcpout.oem4f (.text:SEQ_LT)
                  00016bf8    00000018               : tcp.oem4f (.text:TcpTimeoutAdd)
                  00016c10    00000018     drivers_tivaware.aem4f : UART.oem4f (.text:UART_Params_init)
                  00016c28    00000018     rtsv7M4_T_le_v4SPD16_eabi.lib : args_main.c.obj (.text:_args_main)
                  00016c40    00000018                                   : snprintf.c.obj (.text:_outc)
                  00016c58    00000018                                   : sprintf.c.obj (.text:_outs)
                  00016c70    00000018     nettool_ipv4.aem4f : dhcpsock.oem4f (.text:dhcpSocketClose)
                  00016c88    00000018                        : inetaddr.oem4f (.text:freeaddrinfo)
                  00016ca0    00000018     stk.aem4f : listlib.oem4f (.text:list_add)
                  00016cb8    00000018     rtsv7M4_T_le_v4SPD16_eabi.lib : strcmp.c.obj (.text:strcmp)
                  00016cd0    00000018     httpget_pem4f.oem4f (.text:ti_sysbios_BIOS_rtsUnlock__I)
                  00016ce8    00000018     httpget_pem4f.oem4f (.text:ti_sysbios_family_arm_lm4_Timer_Module__startupDone__F)
                  00016d00    00000018     httpget_pem4f.oem4f (.text:ti_sysbios_family_arm_m3_Hwi_Module__startupDone__F)
                  00016d18    00000018     sysbios.aem4f : m3_TaskSupport_asm.obj (.text:ti_sysbios_family_arm_m3_TaskSupport_swap__E)
                  00016d30    00000018                   : BIOS.obj (.text:ti_sysbios_gates_GateMutex_leave__E)
                  00016d48    00000018                   : BIOS.obj (.text:ti_sysbios_knl_Task_unblock__E)
                  00016d60    00000018     ti.targets.arm.rtsarm.aem4f : Error.oem4f (.text:xdc_runtime_Error_check__E)
                  00016d78    00000018                                 : System.oem4f (.text:xdc_runtime_System_exit__E)
                  00016d90    00000018                                 : Text.oem4f (.text:xdc_runtime_Text_ropeText__E)
                  00016da8    00000016     driverlib.lib : emac.obj (.text:EMACReset)
                  00016dbe    00000016                   : emac.obj (.text:EMACRxEnable)
                  00016dd4    00000016                   : emac.obj (.text:EMACTxEnable)
                  00016dea    00000016     http_ndk.aem4f : httpcli.oem4f (.text:HTTPCli_destruct)
                  00016e00    00000016                    : httpcli.oem4f (.text:HTTPCli_readRawResponseBody)
                  00016e16    00000016     stk.aem4f : file.oem4f (.text:fdint_freefdt)
                  00016e2c    00000016     rtsv7M4_T_le_v4SPD16_eabi.lib : strchr.c.obj (.text:strchr)
                  00016e42    00000016     httpget_pem4f.oem4f (.text:ti_sysbios_BIOS_exitFunc__I)
                  00016e58    00000016     httpget.obj (.text:ti_sysbios_knl_Task_Params_init)
                  00016e6e    00000016     ti.targets.arm.rtsarm.aem4f : System.oem4f (.text:xdc_runtime_System_vsprintf__E)
                  00016e84    00000014     stk.aem4f : bind.oem4f (.text:BindIPHost2IF)
                  00016e98    00000014     driverlib.lib : flash.obj (.text:FlashUserGet)
                  00016eac    00000014     http_ndk.aem4f : httpcli.oem4f (.text:HTTPCli_getResponseStatus)
                  00016ec0    00000014     netctrl_min_ipv4.aem4f : netctrl.oem4f (.text:NC_NetStop)
                  00016ed4    00000014     os.aem4f : task.oem4f (.text:NDK_hookExit)
                  00016ee8    00000014     stk.aem4f : nimu.oem4f (.text:NIMUSendPacket)
                  00016efc    00000014     nettool_ipv4.aem4f : ipaddr.oem4f (.text:NtRemoveNetwork)
                  00016f10    00000014     stk.aem4f : rawethsock_pcb.oem4f (.text:RawEthSockPcbInit)
                  00016f24    00000014     network_ndk.aem4f : ssock.oem4f (.text:Ssock_construct)
                  00016f38    00000014     stk.aem4f : timer.oem4f (.text:TimerFree)
                  00016f4c    00000014     driverlib.lib : uart.obj (.text:UARTEnable)
                  00016f60    00000014     httpget.obj (.text:accept)
                  00016f74    00000014     httpget.obj (.text:bind)
                  00016f88    00000014     httpget.obj (.text:connect)
                  00016f9c    00000014     httpget.obj (.text:socket)
                  00016fb0    00000014     rtsv7M4_T_le_v4SPD16_eabi.lib : strcpy.c.obj (.text:strcpy)
                  00016fc4    00000014                                   : strlen.c.obj (.text:strlen)
                  00016fd8    00000014     httpget_pem4f.oem4f (.text:ti_ndk_config_global_taskExitHook)
                  00016fec    00000014     httpget_pem4f.oem4f (.text:ti_sysbios_family_arm_m3_Hwi_Object__get__S)
                  00017000    00000014     sysbios.aem4f : BIOS.obj (.text:ti_sysbios_family_arm_m3_Hwi_switchFromBootStack__E)
                  00017014    00000014     httpget_pem4f.oem4f (.text:ti_sysbios_heaps_HeapMem_Object__get__S)
[...]
0001a0bc  xdc_runtime_Core_A_initializedParams__C                              
0001a0c0  xdc_runtime_Core_Module__diagsEnabled__C                             
0001a0c4  xdc_runtime_Core_Module__diagsIncluded__C                            
0001a0c8  xdc_runtime_Core_Module__diagsMask__C                                
0001a0cc  xdc_runtime_Error_E_memory__C                                        
0001a0d0  xdc_runtime_Error_Module__diagsEnabled__C                            
0001a0d4  xdc_runtime_Error_Module__diagsIncluded__C                           
0001a0d8  xdc_runtime_Error_Module__diagsMask__C                               
0001a0dc  xdc_runtime_Error_Module__loggerFxn8__C                              
0001a0e0  xdc_runtime_Error_Module__loggerObj__C                               
0001a0e4  xdc_runtime_Error_policyFxn__C                                       
0001a0e8  xdc_runtime_Error_raiseHook__C                                       
0001a0ec  xdc_runtime_IGateProvider_Interface__BASE__C                         
0001a0f0  xdc_runtime_IHeap_Interface__BASE__C                                 
0001a0f4  xdc_runtime_IModule_Interface__BASE__C                               
0001a0f8  xdc_runtime_Log_L_error__C                                           
0001a0fc  xdc_runtime_Memory_defaultHeapInstance__C                            
0001a100  xdc_runtime_Startup_execImpl__C                                      
0001a104  xdc_runtime_Startup_maxPasses__C                                     
0001a108  xdc_runtime_Startup_sfxnRts__C                                       
0001a10c  xdc_runtime_Startup_sfxnTab__C                                       
0001a110  xdc_runtime_SysMin_bufSize__C                                        
0001a114  xdc_runtime_SysMin_outputFunc__C                                     
0001a118  xdc_runtime_System_Module__gateObj__C                                
0001a11c  xdc_runtime_System_abortFxn__C                                       
0001a120  xdc_runtime_System_exitFxn__C                                        
0001a124  xdc_runtime_System_extendFxn__C                                      
0001a128  xdc_runtime_System_maxAtexitHandlers__C                              
0001a12c  xdc_runtime_Text_charTab__C                                          
0001a130  xdc_runtime_Text_nameEmpty__C                                        
0001a134  xdc_runtime_Text_nameStatic__C                                       
0001a138  xdc_runtime_Text_nameUnknown__C                                      
0001a13c  xdc_runtime_Text_nodeTab__C                                          
0001a140  xdc_runtime_Text_visitRopeFxn__C                                     
0001a144  ti_sysbios_knl_Task_Module__id__C                                    
0001a146  xdc_runtime_Core_Module__id__C                                       
0001a148  xdc_runtime_Error_Module__loggerDefined__C                           
0001a14a  xdc_runtime_Error_maxDepth__C                                        
0001a14c  xdc_runtime_Memory_Module__id__C                                     
0001a14e  xdc_runtime_SysMin_flushAtExit__C                                    
0001a150  xdc_runtime_Text_charCnt__C                                          
0001a152  xdc_runtime_Text_isLoaded__C                                         
0001a154  xdc_runtime_Text_registryModsLastId__C                               
0001a156  xdc_runtime_Text_unnamedModsLastId__C                                
0001a158  xdc_runtime_Error_policy__C                                          
0001a160  __TI_static_base__                                                   
0001a66c  __TI_Handler_Table_Base                                              
0001a678  __TI_Handler_Table_Limit                                             
0001a688  __TI_CINIT_Base                                                      
0001a6a0  __TI_CINIT_Limit                                                     
20000000  __start___llvm_prf_cnts                                              
20000000  __stop___llvm_prf_cnts                                               
20000000  ti_sysbios_family_arm_m3_Hwi_ramVectors                              
20000380  ti_ndk_config_Global_pit                                             
20000498  ti_ndk_config_Global_pitBuffer                                       
2000cc98  ti_sysbios_heaps_HeapMem_Instance_State_0_buf__A                     
20014c98  ips                                                                  
20014d00  ti_ndk_config_Global_pBufMem                                         
20018900  ti_ndk_config_Global_pHdrMem                                         
20018bf8  ti_sysbios_knl_Task_Instance_State_0_stack__A                        
200191f8  ti_sysbios_knl_Task_Instance_State_1_stack__A                        
200193f8  ti_sysbios_family_arm_m3_Hwi_dispatchTable                           
20019758  __CIOBUF_                                                            
20019978  ti_sysbios_knl_Mailbox_Instance_State_0_allocBuf__A                  
20019a68  uartTivaObjects                                                      
20019b34  tcps                                                                 
20019ca0  ti_sysbios_knl_Mailbox_Instance_State_1_allocBuf__A                  
20019ef0  xdc_runtime_SysMin_Module_State_0_outbuf__A                          
20019f70  nimu_mcb                                                             
20019fd4  _ICMPIn                                                              
2001a020  _ICMPOut                                                             
2001a0ac  vlan_mcb                                                             
2001a0f8  udps                                                                 
2001a11c  uartTivaRingBuffer                                                   
2001a158  BlockCount                                                           
2001a174  BlockMax                                                             
2001a190  PageCount                                                            
2001a1ac  PageMax                                                              
2001a1e0  input                                                                
2001a1f8  stkEvent                                                             
2001a224  takenTime                                                            
2001a248  raweths                                                              
2001a258  raws                                                                 
2001a268  PBMQ_free                                                            
2001a274  tpseudo                                                              
2001a280  upseudo                                                              
2001a28c  emacObjects                                                          
2001a294  parmbuf                                                              
2001a2c0  _IGMPInDiscard                                                       
2001a2c4  _IGMPInQuery                                                         
2001a2c8  _IGMPInQueryGroup                                                    
2001a2cc  _IGMPInResponse                                                      
2001a2d0  _IGMPOutResponse                                                     
2001a2d4  g_ulStatus                                                           
2001a2e8  raweth_pcb                                                           
2001a2ec  ti_sysbios_knl_Task_Instance_State_0_hookEnv__A                      
2001a2f0  ti_sysbios_knl_Task_Instance_State_1_hookEnv__A                      
2001a2f4  timestr                                                              
2001a2f8  ctr                                                                  
2001a2f9  data1                                                                
2001a2fc  HTTPStd_VER                                                          
2001a300  HTTPStd_GET                                                          
2001a304  HTTPStd_POST                                                         
2001a308  HTTPStd_HEAD                                                         
2001a30c  HTTPStd_OPTIONS                                                      
2001a310  HTTPStd_PUT                                                          
2001a314  HTTPStd_DELETE                                                       
2001a318  HTTPStd_CONNECT                                                      
2001a31c  HTTPStd_PATCH                                                        
2001a320  HTTPStd_CONTENT_TYPE_APPLET                                          
2001a324  HTTPStd_CONTENT_TYPE_AU                                              
2001a328  HTTPStd_CONTENT_TYPE_CSS                                             
2001a32c  HTTPStd_CONTENT_TYPE_DOC                                             
2001a330  HTTPStd_CONTENT_TYPE_GIF                                             
2001a334  HTTPStd_CONTENT_TYPE_HTML                                            
2001a338  HTTPStd_CONTENT_TYPE_JPG                                             
2001a33c  HTTPStd_CONTENT_TYPE_MPEG                                            
2001a340  HTTPStd_CONTENT_TYPE_PDF                                             
2001a344  HTTPStd_CONTENT_TYPE_WAV                                             
2001a348  HTTPStd_CONTENT_TYPE_ZIP                                             
2001a34c  HTTPStd_CONTENT_TYPE_PLAIN                                           
2001a350  HTTPStd_FIELD_NAME_ACCEPT                                            
2001a354  HTTPStd_FIELD_NAME_ACCEPT_CHARSET                                    
2001a358  HTTPStd_FIELD_NAME_ACCEPT_ENCODING                                   
2001a35c  HTTPStd_FIELD_NAME_ACCEPT_LANGUAGE                                   
2001a360  HTTPStd_FIELD_NAME_ACCEPT_RANGES                                     
2001a364  HTTPStd_FIELD_NAME_AGE                                               
2001a368  HTTPStd_FIELD_NAME_ALLOW                                             
2001a36c  HTTPStd_FIELD_NAME_AUTHORIZATION                                     
2001a370  HTTPStd_FIELD_NAME_CACHE_CONTROL                                     
2001a374  HTTPStd_FIELD_NAME_CONNECTION                                        
2001a378  HTTPStd_FIELD_NAME_CONTENT_ENCODING                                  
2001a37c  HTTPStd_FIELD_NAME_CONTENT_LANGUAGE                                  
2001a380  HTTPStd_FIELD_NAME_CONTENT_LENGTH                                    
2001a384  HTTPStd_FIELD_NAME_CONTENT_LOCATION                                  
2001a388  HTTPStd_FIELD_NAME_CONTENT_MD5                                       
2001a38c  HTTPStd_FIELD_NAME_CONTENT_RANGE                                     
2001a390  HTTPStd_FIELD_NAME_CONTENT_TYPE                                      
2001a394  HTTPStd_FIELD_NAME_COOKIE                                            
2001a398  HTTPStd_FIELD_NAME_DATE                                              
2001a39c  HTTPStd_FIELD_NAME_ETAG                                              
2001a3a0  HTTPStd_FIELD_NAME_EXPECT                                            
2001a3a4  HTTPStd_FIELD_NAME_EXPIRES                                           
2001a3a8  HTTPStd_FIELD_NAME_FROM                                              
2001a3ac  HTTPStd_FIELD_NAME_HOST                                              
2001a3b0  HTTPStd_FIELD_NAME_IF_MATCH                                          
2001a3b4  HTTPStd_FIELD_NAME_IF_MODIFIED_SINCE                                 
2001a3b8  HTTPStd_FIELD_NAME_IF_NONE_MATCH                                     
2001a3bc  HTTPStd_FIELD_NAME_IF_RANGE                                          
2001a3c0  HTTPStd_FIELD_NAME_IF_UNMODIFIED_SINCE                               
2001a3c4  HTTPStd_FIELD_NAME_LAST_MODIFIED                                     
2001a3c8  HTTPStd_FIELD_NAME_LOCATION                                          
2001a3cc  HTTPStd_FIELD_NAME_MAX_FORWARDS                                      
2001a3d0  HTTPStd_FIELD_NAME_ORIGIN                                            
2001a3d4  HTTPStd_FIELD_NAME_PRAGMA                                            
2001a3d8  HTTPStd_FIELD_NAME_PROXY_AUTHENTICATE                                
2001a3dc  HTTPStd_FIELD_NAME_PROXY_AUTHORIZATION                               
2001a3e0  HTTPStd_FIELD_NAME_RANGE                                             
2001a3e4  HTTPStd_FIELD_NAME_REFERER                                           
2001a3e8  HTTPStd_FIELD_NAME_RETRY_AFTER                                       
2001a3ec  HTTPStd_FIELD_NAME_SERVER                                            
2001a3f0  HTTPStd_FIELD_NAME_TE                                                
2001a3f4  HTTPStd_FIELD_NAME_TRAILER                                           
2001a3f8  HTTPStd_FIELD_NAME_TRANSFER_ENCODING                                 
2001a3fc  HTTPStd_FIELD_NAME_UPGRADE                                           
2001a400  HTTPStd_FIELD_NAME_USER_AGENT                                        
2001a404  HTTPStd_FIELD_NAME_VARY                                              
2001a408  HTTPStd_FIELD_NAME_VIA                                               
2001a40c  HTTPStd_FIELD_NAME_WWW_AUTHENTICATE                                  
2001a410  HTTPStd_FIELD_NAME_WARNING                                           
2001a414  HTTPStd_FIELD_NAME_X_FORWARDED_FOR                                   
2001a418  _ipcfg                                                               
2001a4cc  ti_sysbios_knl_Mailbox_Object__table__V                              
2001a56c  ti_sysbios_knl_Task_Object__table__V                                 
2001a604  ti_sysbios_family_arm_lm4_Timer_Object__table__V                     
2001a684  ti_sysbios_knl_Swi_Module_State_0_readyQ__A                          
2001a704  ti_sysbios_knl_Task_Module_State_0_readyQ__A                         
2001a784  ti_sysbios_knl_Semaphore_Object__table__V                            
2001a824  ti_sysbios_knl_Task_Module__state__V                                 
2001a8e8  ti_sysbios_family_arm_lm4_Timer_Module_State_0_device__A             
2001a928  ti_sysbios_gates_GateMutex_Object__table__V                          
2001a994  ti_sysbios_family_arm_m3_Hwi_Module__state__V                        
2001a9c8  enablePrefetch                                                       
2001a9cc  phyCounter                                                           
2001a9fa  ti_sysbios_family_arm_m3_Hwi_Module_State_0_excActive__A             
2001aa2c  ti_sysbios_family_arm_m3_Hwi_Object__table__V                        
2001aa5c  ti_sysbios_knl_Swi_Object__table__V                                  
2001aa8c  ti_sysbios_knl_Clock_Module__state__V                                
2001aab8  pstrMsgName                                                          
2001aae0  _oscfg                                                               
2001ab28  PITCount                                                             
2001ab2c  PITUsed                                                              
2001ab30  PITHigh                                                              
2001ab4c  ti_sysbios_BIOS_Module__state__V                                     
2001ab70  ti_sysbios_family_arm_lm4_Timer_Module_State_0_handles__A            
2001abac  ti_ndk_config_Global_Id2Size                                         
2001abc8  ti_sysbios_knl_Swi_Module__state__V                                  
2001ac2c  ti_sysbios_heaps_HeapMem_Object__table__V                            
2001ac80  _tz                                                                  
2001ac90  gpioPinConfigs                                                       
2001acb8  _IGMPForceVersion1                                                   
2001acc0  ti_sysbios_family_arm_lm4_Timer_Module__state__V                     
2001accc  xdc_runtime_SysMin_Module__state__V                                  
2001ace4  _lock                                                                
2001ace8  _unlock                                                              
2001acec  NIMUDeviceTable                                                      
2001acf4  gpioCallbackFunctions                                                
2001acfc  ti_ndk_config_Global_HostName                                        
2001ad00  __xdc__init__addr                                                    
2001ad14  _ICMPInErrors                                                        
2001ad18  _ICMPOutErrors                                                       
2001ad1c  _IPExecuting                                                         
2001ad34  tcp_iss                                                              
2001ad38  ptTimeFirst                                                          
2001ad44  ti_sysbios_family_arm_m3_Hwi_Module__root__V                         
2001ad4c  ti_sysbios_gates_GateHwi_Module__root__V                             
2001ad54  ti_sysbios_gates_GateMutex_Module__root__V                           
2001ad5c  ti_sysbios_hal_Timer_Object__table__V                                
2001ad64  ti_sysbios_heaps_HeapMem_Module__root__V                             
2001ad6c  ti_sysbios_knl_Clock_Module__root__V                                 
2001ad74  ti_sysbios_knl_Queue_Module__root__V                                 
2001ad7c  ti_sysbios_knl_Semaphore_Module__root__V                             
2001ad84  ti_sysbios_knl_Swi_Module__root__V                                   
2001ad8c  ti_sysbios_knl_Task_Module__root__V                                  
2001ad94  xdc_runtime_Registry_Module__state__V                                
2001ad9c  xdc_runtime_Startup_Module__state__V                                 
2001ada4  xdc_runtime_System_Module_State_0_atexitHandlers__A                  
2001adac  xdc_runtime_System_Module__state__V                                  
2001adb4  macAddress                                                           
2001adc6  xdc_runtime_Error_Module__state__V                                   
2001add8  errno                                                                
2001addc  main_func_sp                                                         
2001ade4  _IPReasmPtr                                                          
2001adf4  ti_sysbios_family_arm_m3_Hwi_Module_State_0_excContext__A            
2001adf8  ti_sysbios_family_arm_m3_Hwi_Module_State_0_excStack__A              
2001adfc  ti_sysbios_gates_GateHwi_Object__table__V                            
2001ae00  ti_sysbios_knl_Task_Module_State_0_idleTask__A                       
2001ae04  xdc_runtime_Memory_Module__state__V                                  
2001ae08  __stack                                                              
2001b608  __STACK_END                                                          
e000e000  ti_sysbios_family_arm_m3_Hwi_nvic                                    
ffffffff  __TI_pprof_out_hndl                                                  
ffffffff  __TI_prof_data_size                                                  
ffffffff  __TI_prof_data_start                                                 
ffffffff  __binit__                                                            
ffffffff  __c_args__                                                           
ffffffff  binit                                                                
UNDEFED   SHT$$INIT_ARRAY$$Base                                                
UNDEFED   SHT$$INIT_ARRAY$$Limit                                               

[1226 symbols]
